###############################################################################
#
# IAR ELF Linker V7.70.2.11706/W32 for ARM                01/May/2017  16:17:02
# Copyright 2007-2016 IAR Systems AB.
#
#    Output file  =  
#        D:\Embedded\Projects\Universal3PHalfBridgeController\GitHub\Universal3PHalfBridgeController\K66_Firmware\IAR_proj\OUT\Debug\Exe\U3HB_MQXLib.out.tmp
#    Map file     =  
#        D:\Embedded\Projects\Universal3PHalfBridgeController\GitHub\Universal3PHalfBridgeController\K66_Firmware\IAR_proj\OUT\Debug\List\U3HB_MQXLib.map
#    Command line =  
#        D:\Embedded\Projects\Universal3PHalfBridgeController\GitHub\Universal3PHalfBridgeController\K66_Firmware\IAR_proj\OUT\Debug\Obj\App_logger.o
#        D:\Embedded\Projects\Universal3PHalfBridgeController\GitHub\Universal3PHalfBridgeController\K66_Firmware\IAR_proj\OUT\Debug\Obj\CAN_IO_exchange.o
#        D:\Embedded\Projects\Universal3PHalfBridgeController\GitHub\Universal3PHalfBridgeController\K66_Firmware\IAR_proj\OUT\Debug\Obj\CRC_utils.o
#        D:\Embedded\Projects\Universal3PHalfBridgeController\GitHub\Universal3PHalfBridgeController\K66_Firmware\IAR_proj\OUT\Debug\Obj\Debug_io.o
#        D:\Embedded\Projects\Universal3PHalfBridgeController\GitHub\Universal3PHalfBridgeController\K66_Firmware\IAR_proj\OUT\Debug\Obj\Filters.o
#        D:\Embedded\Projects\Universal3PHalfBridgeController\GitHub\Universal3PHalfBridgeController\K66_Firmware\IAR_proj\OUT\Debug\Obj\freemaster_appcmd.o
#        D:\Embedded\Projects\Universal3PHalfBridgeController\GitHub\Universal3PHalfBridgeController\K66_Firmware\IAR_proj\OUT\Debug\Obj\freemaster_os.o
#        D:\Embedded\Projects\Universal3PHalfBridgeController\GitHub\Universal3PHalfBridgeController\K66_Firmware\IAR_proj\OUT\Debug\Obj\freemaster_pipes.o
#        D:\Embedded\Projects\Universal3PHalfBridgeController\GitHub\Universal3PHalfBridgeController\K66_Firmware\IAR_proj\OUT\Debug\Obj\freemaster_protocol.o
#        D:\Embedded\Projects\Universal3PHalfBridgeController\GitHub\Universal3PHalfBridgeController\K66_Firmware\IAR_proj\OUT\Debug\Obj\freemaster_rec.o
#        D:\Embedded\Projects\Universal3PHalfBridgeController\GitHub\Universal3PHalfBridgeController\K66_Firmware\IAR_proj\OUT\Debug\Obj\freemaster_scope.o
#        D:\Embedded\Projects\Universal3PHalfBridgeController\GitHub\Universal3PHalfBridgeController\K66_Firmware\IAR_proj\OUT\Debug\Obj\freemaster_serial.o
#        D:\Embedded\Projects\Universal3PHalfBridgeController\GitHub\Universal3PHalfBridgeController\K66_Firmware\IAR_proj\OUT\Debug\Obj\freemaster_sfio.o
#        D:\Embedded\Projects\Universal3PHalfBridgeController\GitHub\Universal3PHalfBridgeController\K66_Firmware\IAR_proj\OUT\Debug\Obj\freemaster_tsa.o
#        D:\Embedded\Projects\Universal3PHalfBridgeController\GitHub\Universal3PHalfBridgeController\K66_Firmware\IAR_proj\OUT\Debug\Obj\FreeMaster_vars.o
#        D:\Embedded\Projects\Universal3PHalfBridgeController\GitHub\Universal3PHalfBridgeController\K66_Firmware\IAR_proj\OUT\Debug\Obj\Init_Pins.o
#        D:\Embedded\Projects\Universal3PHalfBridgeController\GitHub\Universal3PHalfBridgeController\K66_Firmware\IAR_proj\OUT\Debug\Obj\Inputs_processing.o
#        D:\Embedded\Projects\Universal3PHalfBridgeController\GitHub\Universal3PHalfBridgeController\K66_Firmware\IAR_proj\OUT\Debug\Obj\K66BLEZ1_ADC.o
#        D:\Embedded\Projects\Universal3PHalfBridgeController\GitHub\Universal3PHalfBridgeController\K66_Firmware\IAR_proj\OUT\Debug\Obj\K66BLEZ1_CAN.o
#        D:\Embedded\Projects\Universal3PHalfBridgeController\GitHub\Universal3PHalfBridgeController\K66_Firmware\IAR_proj\OUT\Debug\Obj\K66BLEZ1_DAC.o
#        D:\Embedded\Projects\Universal3PHalfBridgeController\GitHub\Universal3PHalfBridgeController\K66_Firmware\IAR_proj\OUT\Debug\Obj\K66BLEZ1_DMA.o
#        D:\Embedded\Projects\Universal3PHalfBridgeController\GitHub\Universal3PHalfBridgeController\K66_Firmware\IAR_proj\OUT\Debug\Obj\K66BLEZ1_FTM.o
#        D:\Embedded\Projects\Universal3PHalfBridgeController\GitHub\Universal3PHalfBridgeController\K66_Firmware\IAR_proj\OUT\Debug\Obj\K66BLEZ1_INIT_SYS.o
#        D:\Embedded\Projects\Universal3PHalfBridgeController\GitHub\Universal3PHalfBridgeController\K66_Firmware\IAR_proj\OUT\Debug\Obj\K66BLEZ1_MKW40_Channel.o
#        D:\Embedded\Projects\Universal3PHalfBridgeController\GitHub\Universal3PHalfBridgeController\K66_Firmware\IAR_proj\OUT\Debug\Obj\K66BLEZ1_PIT.o
#        D:\Embedded\Projects\Universal3PHalfBridgeController\GitHub\Universal3PHalfBridgeController\K66_Firmware\IAR_proj\OUT\Debug\Obj\K66BLEZ1_SPI.o
#        D:\Embedded\Projects\Universal3PHalfBridgeController\GitHub\Universal3PHalfBridgeController\K66_Firmware\IAR_proj\OUT\Debug\Obj\K66BLEZ1_VBAT_RAM.o
#        D:\Embedded\Projects\Universal3PHalfBridgeController\GitHub\Universal3PHalfBridgeController\K66_Firmware\IAR_proj\OUT\Debug\Obj\LED_control.o
#        D:\Embedded\Projects\Universal3PHalfBridgeController\GitHub\Universal3PHalfBridgeController\K66_Firmware\IAR_proj\OUT\Debug\Obj\Main.o
#        D:\Embedded\Projects\Universal3PHalfBridgeController\GitHub\Universal3PHalfBridgeController\K66_Firmware\IAR_proj\OUT\Debug\Obj\MFS_man.o
#        D:\Embedded\Projects\Universal3PHalfBridgeController\GitHub\Universal3PHalfBridgeController\K66_Firmware\IAR_proj\OUT\Debug\Obj\MFS_Shell.o
#        D:\Embedded\Projects\Universal3PHalfBridgeController\GitHub\Universal3PHalfBridgeController\K66_Firmware\IAR_proj\OUT\Debug\Obj\MFS_test.o
#        D:\Embedded\Projects\Universal3PHalfBridgeController\GitHub\Universal3PHalfBridgeController\K66_Firmware\IAR_proj\OUT\Debug\Obj\MKW40_Channel.o
#        D:\Embedded\Projects\Universal3PHalfBridgeController\GitHub\Universal3PHalfBridgeController\K66_Firmware\IAR_proj\OUT\Debug\Obj\Monitor_serial_drv.o
#        D:\Embedded\Projects\Universal3PHalfBridgeController\GitHub\Universal3PHalfBridgeController\K66_Firmware\IAR_proj\OUT\Debug\Obj\Monitor_usb_drv.o
#        D:\Embedded\Projects\Universal3PHalfBridgeController\GitHub\Universal3PHalfBridgeController\K66_Firmware\IAR_proj\OUT\Debug\Obj\MonitorVT100.o
#        D:\Embedded\Projects\Universal3PHalfBridgeController\GitHub\Universal3PHalfBridgeController\K66_Firmware\MQX_LIBRARY_O3.a
#        D:\Embedded\Projects\Universal3PHalfBridgeController\GitHub\Universal3PHalfBridgeController\K66_Firmware\IAR_proj\OUT\Debug\Obj\Parameters.o
#        D:\Embedded\Projects\Universal3PHalfBridgeController\GitHub\Universal3PHalfBridgeController\K66_Firmware\IAR_proj\OUT\Debug\Obj\PIDController.o
#        D:\Embedded\Projects\Universal3PHalfBridgeController\GitHub\Universal3PHalfBridgeController\K66_Firmware\IAR_proj\OUT\Debug\Obj\QuadDecoder.o
#        D:\Embedded\Projects\Universal3PHalfBridgeController\GitHub\Universal3PHalfBridgeController\K66_Firmware\IAR_proj\OUT\Debug\Obj\RTOS_utils.o
#        D:\Embedded\Projects\Universal3PHalfBridgeController\GitHub\Universal3PHalfBridgeController\K66_Firmware\IAR_proj\OUT\Debug\Obj\SEGGER_RTT.o
#        D:\Embedded\Projects\Universal3PHalfBridgeController\GitHub\Universal3PHalfBridgeController\K66_Firmware\IAR_proj\OUT\Debug\Obj\SEGGER_RTT_printf.o
#        D:\Embedded\Projects\Universal3PHalfBridgeController\GitHub\Universal3PHalfBridgeController\K66_Firmware\IAR_proj\OUT\Debug\Obj\Supervisor_task.o
#        D:\Embedded\Projects\Universal3PHalfBridgeController\GitHub\Universal3PHalfBridgeController\K66_Firmware\IAR_proj\OUT\Debug\Obj\Task_FreeMaster.o
#        D:\Embedded\Projects\Universal3PHalfBridgeController\GitHub\Universal3PHalfBridgeController\K66_Firmware\IAR_proj\OUT\Debug\Obj\TimeMan.o
#        D:\Embedded\Projects\Universal3PHalfBridgeController\GitHub\Universal3PHalfBridgeController\K66_Firmware\IAR_proj\OUT\Debug\Obj\U3HB01_BLDC.o
#        D:\Embedded\Projects\Universal3PHalfBridgeController\GitHub\Universal3PHalfBridgeController\K66_Firmware\IAR_proj\OUT\Debug\Obj\U3HB01_CAN.o
#        D:\Embedded\Projects\Universal3PHalfBridgeController\GitHub\Universal3PHalfBridgeController\K66_Firmware\IAR_proj\OUT\Debug\Obj\U3HB01_DRV8305.o
#        D:\Embedded\Projects\Universal3PHalfBridgeController\GitHub\Universal3PHalfBridgeController\K66_Firmware\IAR_proj\OUT\Debug\Obj\U3HB01_ExtEncoder.o
#        D:\Embedded\Projects\Universal3PHalfBridgeController\GitHub\Universal3PHalfBridgeController\K66_Firmware\IAR_proj\OUT\Debug\Obj\U3HB01_FreemasterCmdMan.o
#        D:\Embedded\Projects\Universal3PHalfBridgeController\GitHub\Universal3PHalfBridgeController\K66_Firmware\IAR_proj\OUT\Debug\Obj\U3HB01_Hall_BLDC.o
#        D:\Embedded\Projects\Universal3PHalfBridgeController\GitHub\Universal3PHalfBridgeController\K66_Firmware\IAR_proj\OUT\Debug\Obj\U3HB01_Hall_sensor.o
#        D:\Embedded\Projects\Universal3PHalfBridgeController\GitHub\Universal3PHalfBridgeController\K66_Firmware\IAR_proj\OUT\Debug\Obj\U3HB01_main.o
#        D:\Embedded\Projects\Universal3PHalfBridgeController\GitHub\Universal3PHalfBridgeController\K66_Firmware\IAR_proj\OUT\Debug\Obj\U3HB01_monitor.o
#        D:\Embedded\Projects\Universal3PHalfBridgeController\GitHub\Universal3PHalfBridgeController\K66_Firmware\IAR_proj\OUT\Debug\Obj\U3HB01_Params.o
#        D:\Embedded\Projects\Universal3PHalfBridgeController\GitHub\Universal3PHalfBridgeController\K66_Firmware\IAR_proj\OUT\Debug\Obj\U3HB01_PIDcontrol.o
#        D:\Embedded\Projects\Universal3PHalfBridgeController\GitHub\Universal3PHalfBridgeController\K66_Firmware\IAR_proj\OUT\Debug\Obj\U3HB01_Pins.o
#        D:\Embedded\Projects\Universal3PHalfBridgeController\GitHub\Universal3PHalfBridgeController\K66_Firmware\IAR_proj\OUT\Debug\Obj\U3HB01_RotationControl.o
#        D:\Embedded\Projects\Universal3PHalfBridgeController\GitHub\Universal3PHalfBridgeController\K66_Firmware\IAR_proj\OUT\Debug\Obj\U3HB01_sensless_BLDC.o
#        D:\Embedded\Projects\Universal3PHalfBridgeController\GitHub\Universal3PHalfBridgeController\K66_Firmware\IAR_proj\OUT\Debug\Obj\U3HB01_SolenoidControl.o
#        D:\Embedded\Projects\Universal3PHalfBridgeController\GitHub\Universal3PHalfBridgeController\K66_Firmware\IAR_proj\OUT\Debug\Obj\U3HB01_SPISysBus.o
#        D:\Embedded\Projects\Universal3PHalfBridgeController\GitHub\Universal3PHalfBridgeController\K66_Firmware\IAR_proj\OUT\Debug\Obj\U3HB01_WS2812B.o
#        D:\Embedded\Projects\Universal3PHalfBridgeController\GitHub\Universal3PHalfBridgeController\K66_Firmware\IAR_proj\OUT\Debug\Obj\USB_composite_dev.o
#        D:\Embedded\Projects\Universal3PHalfBridgeController\GitHub\Universal3PHalfBridgeController\K66_Firmware\IAR_proj\OUT\Debug\Obj\USB_debug.o
#        D:\Embedded\Projects\Universal3PHalfBridgeController\GitHub\Universal3PHalfBridgeController\K66_Firmware\IAR_proj\OUT\Debug\Obj\usb_device_descriptor.o
#        D:\Embedded\Projects\Universal3PHalfBridgeController\GitHub\Universal3PHalfBridgeController\K66_Firmware\IAR_proj\OUT\Debug\Obj\USB_virtual_com1.o
#        D:\Embedded\Projects\Universal3PHalfBridgeController\GitHub\Universal3PHalfBridgeController\K66_Firmware\IAR_proj\OUT\Debug\Obj\USB_virtual_com2.o
#        D:\Embedded\Projects\Universal3PHalfBridgeController\GitHub\Universal3PHalfBridgeController\K66_Firmware\IAR_proj\OUT\Debug\Obj\WatchDogCtrl.o
#        --redirect _Printf=_PrintfFull --redirect _Scanf=_ScanfFull -o
#        D:\Embedded\Projects\Universal3PHalfBridgeController\GitHub\Universal3PHalfBridgeController\K66_Firmware\IAR_proj\OUT\Debug\Exe\U3HB_MQXLib.out.tmp
#        --keep __checksum --map
#        D:\Embedded\Projects\Universal3PHalfBridgeController\GitHub\Universal3PHalfBridgeController\K66_Firmware\IAR_proj\OUT\Debug\List\U3HB_MQXLib.map
#        --config
#        D:\Embedded\Projects\Universal3PHalfBridgeController\GitHub\Universal3PHalfBridgeController\K66_Firmware\IAR_proj\INT_FLASH_MK66FX1M0LVQ18.icf
#        --redirect __iar_dlmalloc=malloc --redirect __iar_dlcalloc=calloc
#        --redirect __iar_dlfree=free --entry __iar_program_start
#        --place_holder __checksum,4,.checksum,4 --define_symbol
#        __checksum_begin=0x8000 --define_symbol __checksum_end=0xfffcf
#        "C:\Program Files (x86)\IAR Systems\Embedded Workbench
#        7.5\arm\CMSIS\Lib\IAR\iar_cortexM4lf_math.a" --vfe
#
###############################################################################

*******************************************************************************
*** RUNTIME MODEL ATTRIBUTES
***

CppFlavor                     = *
__SystemLibrary               = DLib
__dlib_dynamic_initialization = normal
__dlib_jmp_buf_num_elements   = 16


*******************************************************************************
*** PLACEMENT SUMMARY
***

"A0":  place at 0x00000000 { ro section .intvec, block CFMPROTROM };
"P1":  place in [from 0x00000000 to 0x000fffff] {
          first block TEXTSECTION, ro, last block FLASHX_POOL };
"A1":  place at 0x1fff0000 { rw section .vectors_ram };
"A2":  place at 0x000fffd0 { block CHECKSUM };
"P2":  place in [from 0x1fff0000 to 0x2002fff0] {
          block USER_MEMORY, last block KERNEL_DATA };
initialize by copy { rw };
 { section .cfmconfig };
 { section .flashx };

  Section                 Kind        Address     Size  Object
  -------                 ----        -------     ----  ------
"A0":                                            0x414
  .intvec                 const    0x00000000    0x400  vectors.o [3]
  CFMPROTROM                       0x00000400     0x14  <Block>
    .cfmconfig            const    0x00000400     0x10  vectors.o [3]
    .cfmconfig            const    0x00000410      0x0  vectors.o [3]
    CFMPROTROM            const    0x00000410      0x4  <Block tail>
                                 - 0x00000414    0x414

"P1":                                          0x30be1
  TEXTSECTION                      0x00000420  0x2bb80  <Block>
    .text                 ro code  0x00000420     0x16  Sdelay.o [3]
    .text                 ro code  0x00000440     0x2e  support.o [3]
    .text                 ro code  0x00000470     0x4c  boot.o [3]
    .text                 ro code  0x000004bc     0x1c  comp.o [3]
    .text                 ro code  0x000004d8      0x4  init_hw.o [3]
    .text                 ro code  0x000004dc    0xf48  lwmem.o [3]
    .text                 ro code  0x00001424      0xc  cstartup_M.o [6]
    .text                 ro code  0x00001430    0x208  K66BLEZ1_INIT_SYS.o [1]
    .text                 ro code  0x00001638    0x1e4  klog.o [3]
    .text                 ro code  0x0000181c    0x2f8  int.o [3]
    .text                 ro code  0x00001b14   0x1478  task.o [3]
    .text                 ro code  0x00002f8c      0x6  ABImemclr.o [6]
    .text                 ro code  0x00002f92      0x2  vectors.o [3]
    .text                 ro code  0x00002f94     0x22  fpinit_M.o [5]
    .text                 ro code  0x00002fb8     0x1a  cmain.o [6]
    .text                 ro code  0x00002fd4     0xec  Init_Pins.o [1]
    .text                 ro code  0x000030c0    0x374  K66BLEZ1_DMA.o [1]
    .text                 ro code  0x00003434    0x130  lwlog.o [3]
    .text                 ro code  0x00003564    0x690  lwsem.o [3]
    .text                 ro code  0x00003bf4     0x2c  strncmp.o [4]
    .text                 ro code  0x00003c20      0x6  stack_st.o [3]
    .text                 ro code  0x00003c26      0x2  stack_de.o [3]
    .text                 ro code  0x00003c28     0x58  stack_bu.o [3]
    .text                 ro code  0x00003c80     0x66  ABImemset.o [6]
    .text                 ro code  0x00003ce8     0x28  data_init.o [6]
    .text                 ro code  0x00003d10     0x14  mqx_main.o [3]
    .text                 ro code  0x00003d24     0x76  ABImemcpy_unaligned.o [6]
    .text                 ro code  0x00003d9c    0xde0  time.o [3]
    .text                 ro code  0x00004b7c     0x44  psp_tiad.o [3]
    .text                 ro code  0x00004bc0     0x80  psp_tkti.o [3]
    .text                 ro code  0x00004c40    0x590  mqx.o [3]
    .text                 ro code  0x000051d0    0x2f8  sched.o [3]
    .text                 ro code  0x000054c8     0x64  psp_mstiq.o [3]
    .text                 ro code  0x0000552c     0x3c  psp_tisu.o [3]
    .text                 ro code  0x00005568     0x9c  psp_tims.o [3]
    .text                 ro code  0x00005604     0x9c  psp_tius.o [3]
    .text                 ro code  0x000056a0     0x30  psp_tinm.o [3]
    .text                 ro code  0x000056d0     0x26  psp_tiol.o [3]
    .text                 ro code  0x000056f8    0x132  I64DivMod.o [6]
    .text                 ro code  0x0000582c     0x2c  setjmp.o [5]
    .text                 ro code  0x00005858     0x20  int_vtab.o [3]
    .text                 ro code  0x00005878    0x158  sc_irdyq.o [3]
    .text                 ro code  0x000059d0    0x198  init_bsp.o [3]
    .text                 ro code  0x00005b68     0x8e  psp_mat1.o [3]
    .text                 ro code  0x00005bf8     0x34  psp_mat3.o [3]
    .text                 ro code  0x00005c2c     0xe2  psp_mat2.o [3]
    .text                 ro code  0x00005d10     0x1c  psp_seti.o [3]
    .text                 ro code  0x00005d2c     0x58  psp_msti.o [3]
    .text                 ro code  0x00005d84      0x2  I64DivZer.o [6]
    .text                 ro code  0x00005d88     0x3a  ABImemset48.o [6]
    .text                 ro code  0x00005dc2     0x12  psp_iinit.o [3]
    .text                 ro code  0x00005dd4    0x116  hwtimer.o [3]
    .text                 ro code  0x00005eec    0x1f4  bsp_cm.o [3]
    .text                 ro code  0x000060e0     0x14  kinetis_mpu.o [3]
    .text                 ro code  0x000060f4     0x34  io_init.o [3]
    .text                 ro code  0x00006128    0x108  init_gpio.o [3]
    .text                 ro code  0x00006230     0x88  krtc.o [3]
    .text                 ro code  0x000062b8    0x1d8  serl_int_kuart.o [3]
    .text                 ro code  0x00006490   0x143c  esdhc.o [3]
    .text                 ro code  0x000078cc     0x58  io_sinit.o [3]
    .text                 ro code  0x00007924     0x2c  int_inst.o [3]
    .text                 ro code  0x00007950    0x784  serl_int.o [3]
    .text                 ro code  0x000080d4    0x51c  serl_pol_kuart.o [3]
    .text                 ro code  0x000085f0     0xb4  nvic.o [3]
    .text                 ro code  0x000086a4    0x7a8  lwevent.o [3]
    .text                 ro code  0x00008e4c     0x1a  esdhc_mk65.o [3]
    .text                 ro code  0x00008e68    0x248  io_instx.o [3]
    .text                 ro code  0x000090b0     0x98  io_fopen.o [3]
    .text                 ro code  0x00009148     0x24  io_inst.o [3]
    .text                 ro code  0x0000916c    0x588  taskq.o [3]
    .text                 ro code  0x000096f4     0x3c  serl_mk65.o [3]
    .text                 ro code  0x00009730    0x200  xdtento.o [5]
    .text                 ro code  0x00009930     0x44  xdnorm.o [5]
    .text                 ro code  0x00009974    0x1a2  DblMul.o [5]
    .text                 ro code  0x00009b18    0x114  xdscale.o [5]
    .text                 ro code  0x00009c2c     0x20  DblCmpEq.o [5]
    .text                 ro code  0x00009c4c     0x56  xdunscal.o [5]
    .text                 ro code  0x00009ca4    0x256  DblDiv.o [5]
    .text                 ro code  0x00009efc      0xc  errno.o [4]
    .text                 ro code  0x00009f08      0x2  xtls.o [4]
    .text                 ro code  0x00009f0c    0x664  App_logger.o [1]
    .text                 ro code  0x0000a570    0x608  lwmsgq.o [3]
    .text                 ro code  0x0000ab78     0x6c  strncpy_unaligned.o [6]
    .text                 ro code  0x0000abe4     0x5a  io_spr.o [3]
    .text                 ro code  0x0000ac40     0x24  io_vpr.o [3]
    .text                 ro code  0x0000ac64    0xed4  MonitorVT100.o [1]
    .text                 ro code  0x0000bb38   0x115c  Parameters.o [1]
    .text                 ro code  0x0000cc94     0x22  io_write.o [3]
    .text                 ro code  0x0000ccb6     0x34  io_fclos.o [3]
    .text                 ro code  0x0000ccec   0x1214  io_dopr.o [3]
    .text                 ro code  0x0000df00    0x24c  U3HB01_main.o [1]
    .text                 ro code  0x0000e14c     0x3c  isxxx.o [4]
    .text                 ro code  0x0000e188     0x18  toupper.o [4]
    .text                 ro code  0x0000e1a0     0x42  strcmp_unaligned.o [6]
    .text                 ro code  0x0000e1e4     0x36  strlen.o [6]
    .text                 ro code  0x0000e21a     0x12  io_sscan.o [3]
    .text                 ro code  0x0000e22c      0xa  isdigit.o [4]
    .text                 ro code  0x0000e238    0xce0  MFS_test.o [1]
    .text                 ro code  0x0000ef18     0x3c  K66BLEZ1_VBAT_RAM.o [1]
    .text                 ro code  0x0000ef54     0xe0  rand.o [4]
    .text                 ro code  0x0000f034    0x1d4  LED_control.o [1]
    .text                 ro code  0x0000f208     0xf0  RTOS_utils.o [1]
    .text                 ro code  0x0000f2f8     0x30  isgraph.o [4]
    .text                 ro code  0x0000f328      0x6  strtol.o [4]
    .text                 ro code  0x0000f32e      0xe  strtod.o [5]
    .text                 ro code  0x0000f33c     0x90  DblToFlt.o [5]
    .text                 ro code  0x0000f3cc     0x4e  FltToDbl.o [5]
    .text                 ro code  0x0000f41a     0x3a  io_fscan.o [3]
    .text                 ro code  0x0000f454     0x12  io_feof.o [3]
    .text                 ro code  0x0000f468     0x16  strchr.o [6]
    .text                 ro code  0x0000f480   0x10f8  io_fp.o [3]
    .text                 ro code  0x00010578     0x30  I32ToDbl.o [5]
    .text                 ro code  0x000105a8     0xe8  DblAdd.o [5]
    .text                 ro code  0x00010690    0x180  DblSub.o [5]
    .text                 ro code  0x00010810     0x12  log.o [5]
    .text                 ro code  0x00010822     0xca  Filters.o [1]
    .text                 ro code  0x000108ec    0x1e8  U3HB01_SPISysBus.o [1]
    .text                 ro code  0x00010ad4    0x180  U3HB01_SolenoidControl.o [1]
    .text                 ro code  0x00010c54    0x2e0  U3HB01_RotationControl.o [1]
    .text                 ro code  0x00010f34     0x18  setlocale.o [4]
    .text                 ro code  0x00010f4c     0x16  xlocale_c.o [4]
    .text                 ro code  0x00010f62     0x24  xlocale_c.o [4]
    .text                 ro code  0x00010f86     0x14  xlocale_c.o [4]
    .text                 ro code  0x00010f9c    0x6f4  io_scanl.o [3]
    .text                 ro code  0x00011690     0x44  strcpy_unaligned.o [6]
    .text                 ro code  0x000116d4     0x20  srand.o [4]
    .text                 ro code  0x000116f4     0x5a  io_read.o [3]
    .text                 ro code  0x00011750    0x460  io_util.o [3]
    .text                 ro code  0x00011bb0     0x38  io_ioctl.o [3]
    .text                 ro code  0x00011be8     0x40  CRC_utils.o [1]
    .text                 ro code  0x00011c28     0x70  int_kisr.o [3]
    .text                 ro code  0x00011c98     0x88  xstol.o [4]
    .text                 ro code  0x00011d20    0x176  xstod.o [5]
    .text                 ro code  0x00011e96     0x96  io_fgetl.o [3]
    .text                 ro code  0x00011f2c     0xc0  modf.o [5]
    .text                 ro code  0x00011fec     0x4c  DblToI32.o [5]
    .text                 ro code  0x00012038     0x2e  DblCmpGe.o [5]
    .text                 ro code  0x00012068     0x2e  DblCmpLe.o [5]
    .text                 ro code  0x00012098    0x2e8  xlog.o [5]
    .text                 ro code  0x00012380    0x398  K66BLEZ1_SPI.o [1]
    .text                 ro code  0x00012718    0x2d0  K66BLEZ1_FTM.o [1]
    .text                 ro code  0x000129e8    0x434  U3HB01_Hall_BLDC.o [1]
    .text                 ro code  0x00012e1c    0x468  U3HB01_DRV8305.o [1]
    .text                 ro code  0x00013284     0xa8  U3HB01_BLDC.o [1]
    .text                 ro code  0x0001332c    0x490  K66BLEZ1_ADC.o [1]
    .text                 ro code  0x000137bc     0x88  U3HB01_FreemasterCmdMan.o [1]
    .text                 ro code  0x00013844    0x13c  U3HB01_ExtEncoder.o [1]
    .text                 ro code  0x00013980    0x308  U3HB01_Hall_sensor.o [1]
    .text                 ro code  0x00013c88    0x194  xstoul.o [4]
    .text                 ro code  0x00013e1c    0x122  xstopfx.o [4]
    .text                 ro code  0x00013f40    0x1b8  xstoflt.o [4]
    .text                 ro code  0x000140f8    0x218  xstoxflt.o [4]
    .text                 ro code  0x00014310     0x40  io_fgetc.o [3]
    .text                 ro code  0x00014350     0x26  io_fung.o [3]
    .text                 ro code  0x00014378     0x2c  U3HB01_Pins.o [1]
    .text                 ro code  0x000143a4      0x8  abs.o [4]
    .text                 ro code  0x000143ac    0x560  freemaster_rec.o [1]
    .text                 ro code  0x0001490c    0x1d0  freemaster_appcmd.o [1]
    .text                 ro code  0x00014adc     0xe0  Task_FreeMaster.o [1]
    .text                 ro code  0x00014bbc     0x14  tolower.o [4]
    .text                 ro code  0x00014bd0     0x58  memchr.o [6]
    .text                 ro code  0x00014c28     0x6c  localeconv.o [4]
    .text                 ro code  0x00014c94    0x1ec  freemaster_tsa.o [1]
    .text                 ro code  0x00014e80     0x84  freemaster_os.o [1]
    .text                 ro code  0x00014f04     0x14  FreeMaster_vars.o [1]
    .text                 ro code  0x00014f18    0x29e  freemaster_protocol.o [1]
    .text                 ro code  0x000151b8    0x2f4  freemaster_serial.o [1]
    .text                 ro code  0x000154ac      0xc  xlocale_c.o [4]
    .text                 ro code  0x000154b8     0xd8  freemaster_scope.o [1]
    .text                 ro code  0x00015590     0x7e  K66BLEZ1_CAN.o [1]
    .text                 ro code  0x00015610    0x150  msgq.o [3]
    .text                 ro code  0x00015760    0x1c0  msgpool.o [3]
    .text                 ro code  0x00015920    0x460  msg.o [3]
    .text                 ro code  0x00015d80    0x114  K66BLEZ1_MKW40_Channel.o [1]
    .text                 ro code  0x00015e94     0x94  Main.o [1]
    .text                 ro code  0x00015f28    0x1c0  Supervisor_task.o [1]
    .text                 ro code  0x000160e8    0x20c  MFS_man.o [1]
    .text                 ro code  0x000162f4     0x60  WatchDogCtrl.o [1]
    .text                 ro code  0x00016354    0x144  USB_composite_dev.o [1]
    .text                 ro code  0x00016498    0x14c  Monitor_usb_drv.o [1]
    .text                 ro code  0x000165e4    0x7d0  U3HB01_WS2812B.o [1]
    .text                 ro code  0x00016db4    0x318  sdcard.o [3]
    .text                 ro code  0x000170cc    0xab2  part_mgr.o [3]
    .text                 ro code  0x00017b80    0x798  mfs_misc.o [3]
    .text                 ro code  0x00018318    0x288  mfs_fio.o [3]
    .text                 ro code  0x000185a0      0xc  io_ferr.o [3]
    .text                 ro code  0x000185ac    0x110  adapter_mqx.o [3]
    .text                 ro code  0x000186bc    0x544  USB_virtual_com1.o [1]
    .text                 ro code  0x00018c00    0x544  USB_virtual_com2.o [1]
    .text                 ro code  0x00019144    0x30e  usb_composite.o [3]
    .text                 ro code  0x00019452     0x20  USB_debug.o [1]
    .text                 ro code  0x00019472     0x80  mfs_valdev.o [3]
    .text                 ro code  0x000194f2     0xd8  io_fseek.o [3]
    .text                 ro code  0x000195ca    0x43c  mfs_search.o [3]
    .text                 ro code  0x00019a08    0x584  mfs_cache.o [3]
    .text                 ro code  0x00019f8c    0x326  mfs_open.o [3]
    .text                 ro code  0x0001a2b4    0x224  mfs_read.o [3]
    .text                 ro code  0x0001a4d8     0x5c  mfs_flush.o [3]
    .text                 ro code  0x0001a534    0x31e  mfs_write.o [3]
    .text                 ro code  0x0001a852    0x384  mfs_ioctl.o [3]
    .text                 ro code  0x0001abd8    0x8dc  mutex.o [3]
    .text                 ro code  0x0001b4b4    0x444  usb_cdc.o [3]
    .text                 ro code  0x0001b8f8    0x298  usb_device_descriptor.o [1]
    .text                 ro code  0x0001bb90    0x5b0  usb_dev.o [3]
    .text                 ro code  0x0001c140     0x82  usb_class.o [3]
    .text                 ro code  0x0001c1c4    0x26c  usb_hid.o [3]
    .text                 ro code  0x0001c430    0x838  usb_audio.o [3]
    .text                 ro code  0x0001cc68    0xb88  usb_msc.o [3]
    .text                 ro code  0x0001d7f0    0x45c  usb_phdc.o [3]
    .text                 ro code  0x0001dc4c    0x4bc  mfs_parse.o [3]
    .text                 ro code  0x0001e108     0x1a  strnlen.o [3]
    .text                 ro code  0x0001e124    0xf64  mfs_lfn.o [3]
    .text                 ro code  0x0001f088     0x62  memcmp_unaligned.o [6]
    .text                 ro code  0x0001f0ec    0xcfa  mfs_dir_entry.o [3]
    .text                 ro code  0x0001fde8    0x1ea  mfs_rw.o [3]
    .text                 ro code  0x0001ffd4    0x696  mfs_dir_chain.o [3]
    .text                 ro code  0x0002066a     0xf2  mfs_handle.o [3]
    .text                 ro code  0x0002075c    0x368  mfs_cluster.o [3]
    .text                 ro code  0x00020ac4    0x1ac  mfs_chain.o [3]
    .text                 ro code  0x00020c70     0xbc  queue.o [3]
    .text                 ro code  0x00020d2c    0x472  mfs_mount.o [3]
    .text                 ro code  0x000211a0    0x48a  mfs_directory.o [3]
    .text                 ro code  0x0002162c    0x422  mfs_find.o [3]
    .text                 ro code  0x00021a4e     0xec  mfs_attribute.o [3]
    .text                 ro code  0x00021b3a     0x66  mfs_time.o [3]
    .text                 ro code  0x00021ba0     0xce  mfs_delete.o [3]
    .text                 ro code  0x00021c70    0x278  mfs_rename.o [3]
    .text                 ro code  0x00021ee8    0x7a8  mfs_format.o [3]
    .text                 ro code  0x00022690    0x19c  usb_cdc_pstn.o [3]
    .text                 ro code  0x0002282c      0x6  ABImemclr4.o [6]
    .text                 ro code  0x00022834    0x3ae  usb_framework.o [3]
    .text                 ro code  0x00022be4    0x1a0  usb_dev_bsp.o [3]
    .text                 ro code  0x00022d84    0x838  usb_msc_scsi.o [3]
    .text                 ro code  0x000235bc    0x2e2  mfs_unicode.o [3]
    .text                 ro code  0x000238a0    0x34c  mfs_fat.o [3]
    .text                 ro code  0x00023bec     0x22  I64Shl.o [6]
    .text                 ro code  0x00023c10     0x44  usb_dev_bsp.o [3]
    .text                 ro code  0x00023c54     0x24  MFS_Shell.o [1]
    .text                 ro code  0x00023c78     0x2c  io_pntf.o [3]
    .text                 ro code  0x00023ca4    0x2c0  shell.o [3]
    .text                 ro code  0x00023f64     0x40  io_ghand.o [3]
    .text                 ro code  0x00023fa4    0x2ec  sh_util.o [3]
    .text                 ro code  0x00024290     0x3e  io_fflsh.o [3]
    .text                 ro code  0x000242ce     0x28  io_fgets.o [3]
    .text                 ro code  0x000242f8     0x28  MKW40_Channel.o [1]
    .text                 ro code  0x00024320    0x190  U3HB01_monitor.o [1]
    .text                 ro code  0x000244b0    0x204  sh_cd.o [3]
    .text                 ro code  0x000246b4     0x98  sh_cmdlist.o [3]
    .text                 ro code  0x0002474c    0x31c  sh_copy.o [3]
    .text                 ro code  0x00024a68     0x3a  io_fputc.o [3]
    .text                 ro code  0x00024aa4    0x228  sh_create.o [3]
    .text                 ro code  0x00024ccc    0x1d4  sh_del.o [3]
    .text                 ro code  0x00024ea0    0x1d4  sh_df.o [3]
    .text                 ro code  0x00025074    0x934  sh_di.o [3]
    .text                 ro code  0x000259a8    0x258  sh_dir.o [3]
    .text                 ro code  0x00025c00    0x338  dir_read.o [3]
    .text                 ro code  0x00025f38    0x2d0  sh_disect.o [3]
    .text                 ro code  0x00026208     0x68  sh_exit.o [3]
    .text                 ro code  0x00026270    0x2f8  sh_format.o [3]
    .text                 ro code  0x00026568    0x178  sh_help.o [3]
    .text                 ro code  0x000266e0    0x1dc  sh_mkdir.o [3]
    .text                 ro code  0x000268bc     0xe8  sh_pwd.o [3]
    .text                 ro code  0x000269a4    0x418  sh_read.o [3]
    .text                 ro code  0x00026dbc   0x2a00  sh_readtest.o [3]
    .text                 ro code  0x000297bc    0x28c  sh_rename.o [3]
    .text                 ro code  0x00029a48    0x208  sh_rmdir.o [3]
    .text                 ro code  0x00029c50    0x190  sh_sh.o [3]
    .text                 ro code  0x00029de0    0x204  sh_type.o [3]
    .text                 ro code  0x00029fe4    0x4b0  sh_write.o [3]
    .text                 ro code  0x0002a494    0x35c  sh_writetest.o [3]
    .text                 ro code  0x0002a7f0    0x540  sdcard_esdhc.o [3]
    .text                 ro code  0x0002ad30      0x4  hwtimer_kinetis.o [3]
    .text                 ro code  0x0002ad34     0x44  idletask.o [3]
    .text                 ro code  0x0002ad78     0x6c  inittask.o [3]
    .text                 ro code  0x0002ade4      0x4  inittask.o [3]
    .text                 ro code  0x0002ade8    0x120  hwtimer_systick.o [3]
    .text                 ro code  0x0002af08    0xfe0  ehci_dev_main.o [3]
    .text                 ro code  0x0002bee8     0x40  zero_init3.o [6]
    .text                 ro code  0x0002bf28     0x78  lz77_init_single.o [6]
  .rodata                 const    0x0002bfc0      0x8  K66BLEZ1_ADC.o [1]
  .rodata                 const    0x0002c000      0x8  K66BLEZ1_ADC.o [1]
  KERNEL                  ro code  0x0002c010    0x2f0  dispatch.o [3]
  .rodata                 const    0x0002c300     0x14  App_logger.o [1]
  .rodata                 const    0x0002c314     0x30  App_logger.o [1]
  .rodata                 const    0x0002c344     0x30  App_logger.o [1]
  .rodata                 const    0x0002c374     0x1c  App_logger.o [1]
  .rodata                 const    0x0002c390      0x8  App_logger.o [1]
  .rodata                 const    0x0002c398     0x18  App_logger.o [1]
  .rodata                 const    0x0002c3b0     0x10  App_logger.o [1]
  .rodata                 const    0x0002c3c0     0x10  App_logger.o [1]
  .rodata                 const    0x0002c3d0     0x28  App_logger.o [1]
  .rodata                 const    0x0002c3f8     0x28  App_logger.o [1]
  .rodata                 const    0x0002c420     0x28  App_logger.o [1]
  .rodata                 const    0x0002c448     0x18  App_logger.o [1]
  .rodata                 const    0x0002c460      0x8  App_logger.o [1]
  .rodata                 const    0x0002c468     0x20  App_logger.o [1]
  .rodata                 const    0x0002c488     0x24  App_logger.o [1]
  .rodata                 const    0x0002c4ac    0x200  CRC_utils.o [1]
  .rodata                 const    0x0002c6ac     0x10  freemaster_protocol.o [1]
  .rodata                 const    0x0002c6bc      0xc  FreeMaster_vars.o [1]
  .rodata                 const    0x0002c6c8      0xc  FreeMaster_vars.o [1]
  .rodata                 const    0x0002c6d4      0x8  FreeMaster_vars.o [1]
  .rodata                 const    0x0002c6dc     0x10  FreeMaster_vars.o [1]
  .rodata                 const    0x0002c6ec     0x10  FreeMaster_vars.o [1]
  .rodata                 const    0x0002c6fc     0x18  FreeMaster_vars.o [1]
  .rodata                 const    0x0002c714     0x14  FreeMaster_vars.o [1]
  .rodata                 const    0x0002c728     0x10  FreeMaster_vars.o [1]
  .rodata                 const    0x0002c738     0x10  FreeMaster_vars.o [1]
  .rodata                 const    0x0002c748     0x10  FreeMaster_vars.o [1]
  .rodata                 const    0x0002c758     0x14  FreeMaster_vars.o [1]
  .rodata                 const    0x0002c76c     0x18  FreeMaster_vars.o [1]
  .rodata                 const    0x0002c784     0x1c  FreeMaster_vars.o [1]
  .rodata                 const    0x0002c7a0     0x18  FreeMaster_vars.o [1]
  .rodata                 const    0x0002c7b8     0x18  FreeMaster_vars.o [1]
  .rodata                 const    0x0002c7d0     0x18  FreeMaster_vars.o [1]
  .rodata                 const    0x0002c7e8     0x14  FreeMaster_vars.o [1]
  .rodata                 const    0x0002c7fc     0x18  FreeMaster_vars.o [1]
  .rodata                 const    0x0002c814     0x10  FreeMaster_vars.o [1]
  .rodata                 const    0x0002c824     0x10  FreeMaster_vars.o [1]
  .rodata                 const    0x0002c834     0x14  FreeMaster_vars.o [1]
  .rodata                 const    0x0002c848     0x1c  FreeMaster_vars.o [1]
  .rodata                 const    0x0002c864     0x18  FreeMaster_vars.o [1]
  .rodata                 const    0x0002c87c     0x20  FreeMaster_vars.o [1]
  .rodata                 const    0x0002c89c     0x14  FreeMaster_vars.o [1]
  .rodata                 const    0x0002c8b0     0x18  FreeMaster_vars.o [1]
  .rodata                 const    0x0002c8c8     0x14  FreeMaster_vars.o [1]
  .rodata                 const    0x0002c8dc      0xc  FreeMaster_vars.o [1]
  .rodata                 const    0x0002c8e8      0xc  FreeMaster_vars.o [1]
  .rodata                 const    0x0002c8f4     0x14  FreeMaster_vars.o [1]
  .rodata                 const    0x0002c908     0x10  FreeMaster_vars.o [1]
  .rodata                 const    0x0002c918     0x10  FreeMaster_vars.o [1]
  .rodata                 const    0x0002c928     0x10  FreeMaster_vars.o [1]
  .rodata                 const    0x0002c938     0x10  FreeMaster_vars.o [1]
  .rodata                 const    0x0002c948     0x14  FreeMaster_vars.o [1]
  .rodata                 const    0x0002c95c     0x14  FreeMaster_vars.o [1]
  .rodata                 const    0x0002c970     0x10  FreeMaster_vars.o [1]
  .rodata                 const    0x0002c980     0x14  FreeMaster_vars.o [1]
  .rodata                 const    0x0002c994     0x14  FreeMaster_vars.o [1]
  .rodata                 const    0x0002c9a8     0x18  FreeMaster_vars.o [1]
  .rodata                 const    0x0002c9c0     0x18  FreeMaster_vars.o [1]
  .rodata                 const    0x0002c9d8     0x18  FreeMaster_vars.o [1]
  .rodata                 const    0x0002c9f0     0x18  FreeMaster_vars.o [1]
  .rodata                 const    0x0002ca08     0x1c  FreeMaster_vars.o [1]
  .rodata                 const    0x0002ca24     0x1c  FreeMaster_vars.o [1]
  .rodata                 const    0x0002ca40     0x1c  FreeMaster_vars.o [1]
  .rodata                 const    0x0002ca5c     0x1c  FreeMaster_vars.o [1]
  .rodata                 const    0x0002ca78     0x18  FreeMaster_vars.o [1]
  .rodata                 const    0x0002ca90      0xc  FreeMaster_vars.o [1]
  .rodata                 const    0x0002ca9c      0xc  FreeMaster_vars.o [1]
  .rodata                 const    0x0002caa8      0xc  FreeMaster_vars.o [1]
  .rodata                 const    0x0002cab4      0xc  FreeMaster_vars.o [1]
  .rodata                 const    0x0002cac0      0xc  FreeMaster_vars.o [1]
  .rodata                 const    0x0002cacc      0xc  FreeMaster_vars.o [1]
  .rodata                 const    0x0002cad8      0xc  FreeMaster_vars.o [1]
  .rodata                 const    0x0002cae4      0xc  FreeMaster_vars.o [1]
  .rodata                 const    0x0002caf0     0x10  FreeMaster_vars.o [1]
  .rodata                 const    0x0002cb00     0x14  FreeMaster_vars.o [1]
  .rodata                 const    0x0002cb14     0x18  FreeMaster_vars.o [1]
  .rodata                 const    0x0002cb2c     0x18  FreeMaster_vars.o [1]
  .rodata                 const    0x0002cb44     0x18  FreeMaster_vars.o [1]
  .rodata                 const    0x0002cb5c     0x18  FreeMaster_vars.o [1]
  .rodata                 const    0x0002cb74     0x18  FreeMaster_vars.o [1]
  .rodata                 const    0x0002cb8c     0x18  FreeMaster_vars.o [1]
  .rodata                 const    0x0002cba4     0x14  FreeMaster_vars.o [1]
  .rodata                 const    0x0002cbb8     0x14  FreeMaster_vars.o [1]
  .rodata                 const    0x0002cbcc     0x14  FreeMaster_vars.o [1]
  .rodata                 const    0x0002cbe0     0x18  FreeMaster_vars.o [1]
  .rodata                 const    0x0002cbf8     0x18  FreeMaster_vars.o [1]
  .rodata                 const    0x0002cc10     0x18  FreeMaster_vars.o [1]
  .rodata                 const    0x0002cc28     0x14  FreeMaster_vars.o [1]
  .rodata                 const    0x0002cc3c     0x14  FreeMaster_vars.o [1]
  .rodata                 const    0x0002cc50     0x14  FreeMaster_vars.o [1]
  .rodata                 const    0x0002cc64     0x14  FreeMaster_vars.o [1]
  .rodata                 const    0x0002cc78     0x14  FreeMaster_vars.o [1]
  .rodata                 const    0x0002cc8c     0x18  FreeMaster_vars.o [1]
  .rodata                 const    0x0002cca4     0x10  FreeMaster_vars.o [1]
  .rodata                 const    0x0002ccb4     0x10  FreeMaster_vars.o [1]
  .rodata                 const    0x0002ccc4    0x4e0  FreeMaster_vars.o [1]
  .rodata                 const    0x0002d1a4    0x7d0  Init_Pins.o [1]
  .rodata                 const    0x0002d974     0x20  K66BLEZ1_ADC.o [1]
  .rodata                 const    0x0002d994     0x30  K66BLEZ1_SPI.o [1]
  .rodata                 const    0x0002d9c4      0x8  Main.o [1]
  .rodata                 const    0x0002d9cc      0x8  Main.o [1]
  .rodata                 const    0x0002d9d4      0x8  Main.o [1]
  .rodata                 const    0x0002d9dc      0x8  Main.o [1]
  .rodata                 const    0x0002d9e4      0x8  Main.o [1]
  .rodata                 const    0x0002d9ec      0x8  Main.o [1]
  .rodata                 const    0x0002d9f4      0x8  Main.o [1]
  .rodata                 const    0x0002d9fc      0xc  Main.o [1]
  .rodata                 const    0x0002da08      0x8  Main.o [1]
  .rodata                 const    0x0002da10      0x8  Main.o [1]
  .rodata                 const    0x0002da18     0x18  Main.o [1]
  .rodata                 const    0x0002da30    0x160  Main.o [1]
  .rodata                 const    0x0002db90      0xc  MFS_man.o [1]
  .rodata                 const    0x0002db9c      0x8  MFS_man.o [1]
  .rodata                 const    0x0002dba4     0x30  MFS_man.o [1]
  .rodata                 const    0x0002dbd4      0x8  MFS_man.o [1]
  .rodata                 const    0x0002dbdc     0x28  MFS_man.o [1]
  .rodata                 const    0x0002dc04     0x20  MFS_man.o [1]
  .rodata                 const    0x0002dc24     0x28  MFS_man.o [1]
  .rodata                 const    0x0002dc4c      0x8  MFS_man.o [1]
  .rodata                 const    0x0002dc54     0x24  MFS_man.o [1]
  .rodata                 const    0x0002dc78     0x20  MFS_man.o [1]
  .rodata                 const    0x0002dc98     0x14  MFS_man.o [1]
  .rodata                 const    0x0002dcac     0x2c  MFS_man.o [1]
  .rodata                 const    0x0002dcd8     0x28  MFS_man.o [1]
  .rodata                 const    0x0002dd00     0x1c  MFS_man.o [1]
  .rodata                 const    0x0002dd1c     0x30  MFS_man.o [1]
  .rodata                 const    0x0002dd4c     0x20  MFS_man.o [1]
  .rodata                 const    0x0002dd6c     0x18  MFS_man.o [1]
  .rodata                 const    0x0002dd84      0x4  MFS_Shell.o [1]
  .rodata                 const    0x0002dd88      0x8  MFS_Shell.o [1]
  .rodata                 const    0x0002dd90      0x8  MFS_Shell.o [1]
  .rodata                 const    0x0002dd98      0x4  MFS_Shell.o [1]
  .rodata                 const    0x0002dd9c      0x4  MFS_Shell.o [1]
  .rodata                 const    0x0002dda0      0x8  MFS_Shell.o [1]
  .rodata                 const    0x0002dda8      0x4  MFS_Shell.o [1]
  .rodata                 const    0x0002ddac      0x4  MFS_Shell.o [1]
  .rodata                 const    0x0002ddb0      0x8  MFS_Shell.o [1]
  .rodata                 const    0x0002ddb8      0x8  MFS_Shell.o [1]
  .rodata                 const    0x0002ddc0      0x8  MFS_Shell.o [1]
  .rodata                 const    0x0002ddc8      0x8  MFS_Shell.o [1]
  .rodata                 const    0x0002ddd0      0x4  MFS_Shell.o [1]
  .rodata                 const    0x0002ddd4      0x8  MFS_Shell.o [1]
  .rodata                 const    0x0002dddc      0x4  MFS_Shell.o [1]
  .rodata                 const    0x0002dde0      0x8  MFS_Shell.o [1]
  .rodata                 const    0x0002dde8      0x4  MFS_Shell.o [1]
  .rodata                 const    0x0002ddec      0x8  MFS_Shell.o [1]
  .rodata                 const    0x0002ddf4      0x8  MFS_Shell.o [1]
  .rodata                 const    0x0002ddfc      0x8  MFS_Shell.o [1]
  .rodata                 const    0x0002de04      0x8  MFS_Shell.o [1]
  .rodata                 const    0x0002de0c      0xc  MFS_Shell.o [1]
  .rodata                 const    0x0002de18     0x20  MFS_Shell.o [1]
  .rodata                 const    0x0002de38     0xb8  MFS_Shell.o [1]
  .rodata                 const    0x0002def0     0x34  MFS_test.o [1]
  .rodata                 const    0x0002df24     0x34  MFS_test.o [1]
  .rodata                 const    0x0002df58     0x34  MFS_test.o [1]
  .rodata                 const    0x0002df8c     0x2c  MFS_test.o [1]
  .rodata                 const    0x0002dfb8      0x8  MFS_test.o [1]
  .rodata                 const    0x0002dfc0     0x28  MFS_test.o [1]
  .rodata                 const    0x0002dfe8     0x34  MFS_test.o [1]
  .rodata                 const    0x0002e01c      0xc  MFS_test.o [1]
  .rodata                 const    0x0002e028     0x20  MFS_test.o [1]
  .rodata                 const    0x0002e048     0x2c  MFS_test.o [1]
  .rodata                 const    0x0002e074     0x24  MFS_test.o [1]
  .rodata                 const    0x0002e098     0x20  MFS_test.o [1]
  .rodata                 const    0x0002e0b8     0x48  MFS_test.o [1]
  .rodata                 const    0x0002e100     0x24  MFS_test.o [1]
  .rodata                 const    0x0002e124     0x40  MFS_test.o [1]
  .rodata                 const    0x0002e164     0x40  MFS_test.o [1]
  .rodata                 const    0x0002e1a4     0x40  MFS_test.o [1]
  .rodata                 const    0x0002e1e4     0x28  MFS_test.o [1]
  .rodata                 const    0x0002e20c     0x34  MFS_test.o [1]
  .rodata                 const    0x0002e240     0x24  MFS_test.o [1]
  .rodata                 const    0x0002e264     0x40  MFS_test.o [1]
  .rodata                 const    0x0002e2a4     0x28  MFS_test.o [1]
  .rodata                 const    0x0002e2cc     0x34  MFS_test.o [1]
  .rodata                 const    0x0002e300     0x14  MFS_test.o [1]
  .rodata                 const    0x0002e314     0x24  MFS_test.o [1]
  .rodata                 const    0x0002e338     0x44  MFS_test.o [1]
  .rodata                 const    0x0002e37c     0x28  MFS_test.o [1]
  .rodata                 const    0x0002e3a4      0x8  MFS_test.o [1]
  .rodata                 const    0x0002e3ac     0x30  MFS_test.o [1]
  .rodata                 const    0x0002e3dc      0xc  MFS_test.o [1]
  .rodata                 const    0x0002e3e8     0x24  MFS_test.o [1]
  .rodata                 const    0x0002e40c     0x1c  MFS_test.o [1]
  .rodata                 const    0x0002e428     0x24  MFS_test.o [1]
  .rodata                 const    0x0002e44c     0x1c  MFS_test.o [1]
  .rodata                 const    0x0002e468     0x1c  MFS_test.o [1]
  .rodata                 const    0x0002e484     0x24  MFS_test.o [1]
  .rodata                 const    0x0002e4a8     0x38  MFS_test.o [1]
  .rodata                 const    0x0002e4e0     0x30  MFS_test.o [1]
  .rodata                 const    0x0002e510     0x28  MFS_test.o [1]
  .rodata                 const    0x0002e538     0x24  MFS_test.o [1]
  .rodata                 const    0x0002e55c     0x10  MFS_test.o [1]
  .rodata                 const    0x0002e56c     0x10  Monitor_usb_drv.o [1]
  .rodata                 const    0x0002e57c     0x18  Monitor_usb_drv.o [1]
  .rodata                 const    0x0002e594     0x10  Monitor_usb_drv.o [1]
  .rodata                 const    0x0002e5a4     0x14  MonitorVT100.o [1]
  .rodata                 const    0x0002e5b8     0xd0  MonitorVT100.o [1]
  .rodata                 const    0x0002e688     0x14  MonitorVT100.o [1]
  .rodata                 const    0x0002e69c     0xbc  MonitorVT100.o [1]
  .rodata                 const    0x0002e758      0x4  MonitorVT100.o [1]
  .rodata                 const    0x0002e75c      0x4  MonitorVT100.o [1]
  .rodata                 const    0x0002e760      0x4  MonitorVT100.o [1]
  .rodata                 const    0x0002e764      0x4  MonitorVT100.o [1]
  .rodata                 const    0x0002e768      0x4  MonitorVT100.o [1]
  .rodata                 const    0x0002e76c      0x4  MonitorVT100.o [1]
  .rodata                 const    0x0002e770      0x4  MonitorVT100.o [1]
  .rodata                 const    0x0002e774      0x4  MonitorVT100.o [1]
  .rodata                 const    0x0002e778      0x4  MonitorVT100.o [1]
  .rodata                 const    0x0002e77c      0x4  MonitorVT100.o [1]
  .rodata                 const    0x0002e780      0x4  MonitorVT100.o [1]
  .rodata                 const    0x0002e784      0x4  MonitorVT100.o [1]
  .rodata                 const    0x0002e788     0x28  MonitorVT100.o [1]
  .rodata                 const    0x0002e7b0     0x28  MonitorVT100.o [1]
  .rodata                 const    0x0002e7d8     0x34  MonitorVT100.o [1]
  .rodata                 const    0x0002e80c     0x14  MonitorVT100.o [1]
  .rodata                 const    0x0002e820     0x2c  MonitorVT100.o [1]
  .rodata                 const    0x0002e84c     0x20  MonitorVT100.o [1]
  .rodata                 const    0x0002e86c     0x4c  MonitorVT100.o [1]
  .rodata                 const    0x0002e8b8     0x24  MonitorVT100.o [1]
  .rodata                 const    0x0002e8dc      0x8  MonitorVT100.o [1]
  .rodata                 const    0x0002e8e4     0x10  MonitorVT100.o [1]
  .rodata                 const    0x0002e8f4      0x4  MonitorVT100.o [1]
  .rodata                 const    0x0002e8f8      0x8  MonitorVT100.o [1]
  .rodata                 const    0x0002e900      0x8  MonitorVT100.o [1]
  .rodata                 const    0x0002e908      0x8  MonitorVT100.o [1]
  .rodata                 const    0x0002e910     0x14  MonitorVT100.o [1]
  .rodata                 const    0x0002e924     0x30  MonitorVT100.o [1]
  .rodata                 const    0x0002e954     0x3c  MonitorVT100.o [1]
  .rodata                 const    0x0002e990      0x8  MonitorVT100.o [1]
  .rodata                 const    0x0002e998     0x18  MonitorVT100.o [1]
  .rodata                 const    0x0002e9b0      0x8  MonitorVT100.o [1]
  .rodata                 const    0x0002e9b8     0x1c  MonitorVT100.o [1]
  .rodata                 const    0x0002e9d4     0x1c  MonitorVT100.o [1]
  .rodata                 const    0x0002e9f0     0x3c  MonitorVT100.o [1]
  .rodata                 const    0x0002ea2c     0x24  MonitorVT100.o [1]
  .rodata                 const    0x0002ea50     0x58  MonitorVT100.o [1]
  .rodata                 const    0x0002eaa8      0x8  MonitorVT100.o [1]
  .rodata                 const    0x0002eab0     0x28  MonitorVT100.o [1]
  .rodata                 const    0x0002ead8     0x20  MonitorVT100.o [1]
  .rodata                 const    0x0002eaf8     0x18  MonitorVT100.o [1]
  .rodata                 const    0x0002eb10     0x18  MonitorVT100.o [1]
  .rodata                 const    0x0002eb28      0xc  MonitorVT100.o [1]
  .rodata                 const    0x0002eb34     0x14  MonitorVT100.o [1]
  .rodata                 const    0x0002eb48     0x20  MonitorVT100.o [1]
  .rodata                 const    0x0002eb68     0x3c  MonitorVT100.o [1]
  .rodata                 const    0x0002eba4     0x2c  MonitorVT100.o [1]
  .rodata                 const    0x0002ebd0     0x28  MonitorVT100.o [1]
  .rodata                 const    0x0002ebf8     0x24  MonitorVT100.o [1]
  .rodata                 const    0x0002ec1c     0x78  MonitorVT100.o [1]
  .rodata                 const    0x0002ec94      0xc  MonitorVT100.o [1]
  .rodata                 const    0x0002eca0      0xc  MonitorVT100.o [1]
  .rodata                 const    0x0002ecac     0x54  MonitorVT100.o [1]
  .rodata                 const    0x0002ed00      0xc  MonitorVT100.o [1]
  .rodata                 const    0x0002ed0c      0xc  MonitorVT100.o [1]
  .rodata                 const    0x0002ed18     0x98  Parameters.o [1]
  .rodata                 const    0x0002edb0     0x20  Parameters.o [1]
  .rodata                 const    0x0002edd0     0x20  Parameters.o [1]
  .rodata                 const    0x0002edf0     0x18  Parameters.o [1]
  .rodata                 const    0x0002ee08     0x1c  Parameters.o [1]
  .rodata                 const    0x0002ee24      0x8  Parameters.o [1]
  .rodata                 const    0x0002ee2c      0xc  Parameters.o [1]
  .rodata                 const    0x0002ee38      0xc  Parameters.o [1]
  .rodata                 const    0x0002ee44     0x14  Parameters.o [1]
  .rodata                 const    0x0002ee58     0x4c  Parameters.o [1]
  .rodata                 const    0x0002eea4      0xc  Parameters.o [1]
  .rodata                 const    0x0002eeb0      0x8  Parameters.o [1]
  .rodata                 const    0x0002eeb8      0x8  Parameters.o [1]
  .rodata                 const    0x0002eec0      0x8  Parameters.o [1]
  .rodata                 const    0x0002eec8     0x1c  Parameters.o [1]
  .rodata                 const    0x0002eee4      0x8  Parameters.o [1]
  .rodata                 const    0x0002eeec      0x8  Parameters.o [1]
  .rodata                 const    0x0002eef4     0x18  Parameters.o [1]
  .rodata                 const    0x0002ef0c     0x1c  Parameters.o [1]
  .rodata                 const    0x0002ef28     0x10  Parameters.o [1]
  .rodata                 const    0x0002ef38     0x28  Parameters.o [1]
  .rodata                 const    0x0002ef60      0x8  Parameters.o [1]
  .rodata                 const    0x0002ef68     0x24  Parameters.o [1]
  .rodata                 const    0x0002ef8c     0x18  Parameters.o [1]
  .rodata                 const    0x0002efa4     0x3c  Parameters.o [1]
  .rodata                 const    0x0002efe0      0x8  Parameters.o [1]
  .rodata                 const    0x0002efe8     0x40  Parameters.o [1]
  .rodata                 const    0x0002f028     0x14  Parameters.o [1]
  .rodata                 const    0x0002f03c     0x18  Parameters.o [1]
  .rodata                 const    0x0002f054     0x20  Parameters.o [1]
  .rodata                 const    0x0002f074     0x14  Supervisor_task.o [1]
  .rodata                 const    0x0002f088     0x34  Supervisor_task.o [1]
  .rodata                 const    0x0002f0bc     0x20  Supervisor_task.o [1]
  .rodata                 const    0x0002f0dc     0x10  Supervisor_task.o [1]
  .rodata                 const    0x0002f0ec     0x20  Supervisor_task.o [1]
  .rodata                 const    0x0002f10c      0xc  Supervisor_task.o [1]
  .rodata                 const    0x0002f118      0xc  Supervisor_task.o [1]
  .rodata                 const    0x0002f124     0x14  Supervisor_task.o [1]
  .rodata                 const    0x0002f138     0x24  Supervisor_task.o [1]
  .rodata                 const    0x0002f15c     0x28  Supervisor_task.o [1]
  .rodata                 const    0x0002f184     0x20  Supervisor_task.o [1]
  .rodata                 const    0x0002f1a4     0x2c  Supervisor_task.o [1]
  .rodata                 const    0x0002f1d0     0x50  Supervisor_task.o [1]
  .rodata                 const    0x0002f220     0x58  Supervisor_task.o [1]
  .rodata                 const    0x0002f278     0x50  Supervisor_task.o [1]
  .rodata                 const    0x0002f2c8     0x34  Supervisor_task.o [1]
  .rodata                 const    0x0002f2fc     0x24  Supervisor_task.o [1]
  .rodata                 const    0x0002f320     0x18  Supervisor_task.o [1]
  .rodata                 const    0x0002f338     0x34  U3HB01_DRV8305.o [1]
  .rodata                 const    0x0002f36c     0x34  U3HB01_DRV8305.o [1]
  .rodata                 const    0x0002f3a0     0x34  U3HB01_DRV8305.o [1]
  .rodata                 const    0x0002f3d4     0x34  U3HB01_DRV8305.o [1]
  .rodata                 const    0x0002f408     0x34  U3HB01_DRV8305.o [1]
  .rodata                 const    0x0002f43c     0x34  U3HB01_DRV8305.o [1]
  .rodata                 const    0x0002f470     0x34  U3HB01_DRV8305.o [1]
  .rodata                 const    0x0002f4a4     0x34  U3HB01_DRV8305.o [1]
  .rodata                 const    0x0002f4d8     0x34  U3HB01_DRV8305.o [1]
  .rodata                 const    0x0002f50c     0x34  U3HB01_DRV8305.o [1]
  .rodata                 const    0x0002f540     0x34  U3HB01_DRV8305.o [1]
  .rodata                 const    0x0002f574     0x34  U3HB01_DRV8305.o [1]
  .rodata                 const    0x0002f5a8     0x14  U3HB01_DRV8305.o [1]
  .rodata                 const    0x0002f5bc     0x14  U3HB01_DRV8305.o [1]
  .rodata                 const    0x0002f5d0     0x18  U3HB01_DRV8305.o [1]
  .rodata                 const    0x0002f5e8     0x18  U3HB01_DRV8305.o [1]
  .rodata                 const    0x0002f600     0xc0  U3HB01_DRV8305.o [1]
  .rodata                 const    0x0002f6c0     0x48  U3HB01_Hall_BLDC.o [1]
  .rodata                 const    0x0002f708     0x30  U3HB01_Hall_BLDC.o [1]
  .rodata                 const    0x0002f738      0x8  U3HB01_main.o [1]
  .rodata                 const    0x0002f740      0xc  U3HB01_monitor.o [1]
  .rodata                 const    0x0002f74c     0x60  U3HB01_monitor.o [1]
  .rodata                 const    0x0002f7ac     0x14  U3HB01_monitor.o [1]
  .rodata                 const    0x0002f7c0     0x10  U3HB01_monitor.o [1]
  .rodata                 const    0x0002f7d0     0x18  U3HB01_monitor.o [1]
  .rodata                 const    0x0002f7e8     0x44  U3HB01_monitor.o [1]
  .rodata                 const    0x0002f82c      0x8  U3HB01_monitor.o [1]
  .rodata                 const    0x0002f834      0xc  U3HB01_monitor.o [1]
  .rodata                 const    0x0002f840     0x1c  U3HB01_monitor.o [1]
  .rodata                 const    0x0002f85c     0x10  U3HB01_monitor.o [1]
  .rodata                 const    0x0002f86c     0x30  U3HB01_monitor.o [1]
  .rodata                 const    0x0002f89c      0xc  U3HB01_monitor.o [1]
  .rodata                 const    0x0002f8a8      0x8  U3HB01_Params.o [1]
  .rodata                 const    0x0002f8b0     0x18  U3HB01_Params.o [1]
  .rodata                 const    0x0002f8c8      0xc  U3HB01_Params.o [1]
  .rodata                 const    0x0002f8d4     0x14  U3HB01_Params.o [1]
  .rodata                 const    0x0002f8e8     0x14  U3HB01_Params.o [1]
  .rodata                 const    0x0002f8fc     0x10  U3HB01_Params.o [1]
  .rodata                 const    0x0002f90c      0x8  U3HB01_Params.o [1]
  .rodata                 const    0x0002f914     0x28  U3HB01_Params.o [1]
  .rodata                 const    0x0002f93c      0x8  U3HB01_Params.o [1]
  .rodata                 const    0x0002f944      0x4  U3HB01_Params.o [1]
  .rodata                 const    0x0002f948     0x14  U3HB01_Params.o [1]
  .rodata                 const    0x0002f95c      0x8  U3HB01_Params.o [1]
  .rodata                 const    0x0002f964      0x4  U3HB01_Params.o [1]
  .rodata                 const    0x0002f968     0x10  U3HB01_Params.o [1]
  .rodata                 const    0x0002f978      0x8  U3HB01_Params.o [1]
  .rodata                 const    0x0002f980      0x8  U3HB01_Params.o [1]
  .rodata                 const    0x0002f988     0x1c  U3HB01_Params.o [1]
  .rodata                 const    0x0002f9a4      0x8  U3HB01_Params.o [1]
  .rodata                 const    0x0002f9ac     0x18  U3HB01_Params.o [1]
  .rodata                 const    0x0002f9c4      0x8  U3HB01_Params.o [1]
  .rodata                 const    0x0002f9cc     0x18  U3HB01_Params.o [1]
  .rodata                 const    0x0002f9e4      0x8  U3HB01_Params.o [1]
  .rodata                 const    0x0002f9ec     0x18  U3HB01_Params.o [1]
  .rodata                 const    0x0002fa04      0x8  U3HB01_Params.o [1]
  .rodata                 const    0x0002fa0c     0x24  U3HB01_Params.o [1]
  .rodata                 const    0x0002fa30      0x8  U3HB01_Params.o [1]
  .rodata                 const    0x0002fa38      0x4  U3HB01_Params.o [1]
  .rodata                 const    0x0002fa3c     0x24  U3HB01_Params.o [1]
  .rodata                 const    0x0002fa60      0x8  U3HB01_Params.o [1]
  .rodata                 const    0x0002fa68     0x20  U3HB01_Params.o [1]
  .rodata                 const    0x0002fa88      0x8  U3HB01_Params.o [1]
  .rodata                 const    0x0002fa90     0x18  U3HB01_Params.o [1]
  .rodata                 const    0x0002faa8      0x8  U3HB01_Params.o [1]
  .rodata                 const    0x0002fab0     0x18  U3HB01_Params.o [1]
  .rodata                 const    0x0002fac8      0x8  U3HB01_Params.o [1]
  .rodata                 const    0x0002fad0      0x8  U3HB01_Params.o [1]
  .rodata                 const    0x0002fad8     0x1c  U3HB01_Params.o [1]
  .rodata                 const    0x0002faf4      0x8  U3HB01_Params.o [1]
  .rodata                 const    0x0002fafc     0x40  U3HB01_Params.o [1]
  .rodata                 const    0x0002fb3c    0x2a4  U3HB01_Params.o [1]
  .rodata                 const    0x0002fde0    0x100  U3HB01_WS2812B.o [1]
  .rodata                 const    0x0002fee0     0x10  init_sdcard.o [3]
  .rodata                 const    0x0002fef0     0x18  sh_format.o [3]
  .rodata                 const    0x0002ff08      0x4  sh_readtest.o [3]
  .rodata                 const    0x0002ff0c     0x24  mqx.o [3]
  .rodata                 const    0x0002ff30     0x34  dir_read.o [3]
  .rodata                 const    0x0002ff64     0x50  device_ehci_interface.o [3]
  .rodata                 const    0x0002ffb4      0xc  init_esdhc.o [3]
  .rodata                 const    0x0002ffc0     0x48  init_sci.o [3]
  .rodata                 const    0x00030008     0x18  hwtimer_systick.o [3]
  .rodata                 const    0x00030020     0x38  mqx_init.o [3]
  .rodata                 const    0x00030058      0x2  FreeMaster_vars.o [1]
  .rodata                 const    0x0003005a      0x2  FreeMaster_vars.o [1]
  .rodata                 const    0x0003005c      0x2  FreeMaster_vars.o [1]
  .rodata                 const    0x0003005e      0x2  FreeMaster_vars.o [1]
  .rodata                 const    0x00030060      0x2  FreeMaster_vars.o [1]
  .rodata                 const    0x00030062      0x2  FreeMaster_vars.o [1]
  .rodata                 const    0x00030064      0x2  FreeMaster_vars.o [1]
  .rodata                 const    0x00030066      0x2  MFS_Shell.o [1]
  .rodata                 const    0x00030068      0x2  U3HB01_Params.o [1]
  .iar.init_table         const    0x0003006c     0x40  - Linker created -
  .rodata                 const    0x000300ac      0x1  MonitorVT100.o [1]
  .rodata                 const    0x000300ad      0x1  U3HB01_Params.o [1]
  .rodata                 const    0x000300ae      0x0  zero_init3.o [6]
  .rodata                 const    0x000300ae      0x0  lz77_init_single.o [6]
  Initializer bytes       const    0x000300ae     0x26  <for rw section .vectors_ram-1>
  Initializer bytes       const    0x000300d4    0x2c4  <for USER_DEFAULT_MEMORY-1>
  Initializer bytes       const    0x00030398      0x3  <for KERNEL_DATA-1>
  FLASHX_POOL                      0x00031000      0x1  <Block>
    .flashx               const    0x00031000      0x1  vectors.o [3]
    .flashx               const    0x00031001      0x0  vectors.o [3]
                                 - 0x00031001  0x30be1

"A2":                                              0x4
  CHECKSUM                         0x000fffd0      0x4  <Block>
    .checksum             const    0x000fffd0      0x4  Place holder __checksum
                                 - 0x000fffd4      0x4

"A1":                                            0x400
  rw section .vectors_ram-1
                                   0x1fff0000    0x400  <Init block>
    .vectors_ram          inited   0x1fff0000    0x400  vectors.o [3]
                                 - 0x1fff0400    0x400

"P2":                                          0x18e04
  USER_MEMORY                      0x1fff0400  0x18dfc  <Block>
    USER_DEFAULT_MEMORY            0x1fff0400  0x18dfc  <Block>
      USER_DEFAULT_MEMORY-1
                                   0x1fff0400    0x701  <Init block>
        .data             inited   0x1fff0400     0x98  mqx.o [3]
        .data             inited   0x1fff0498     0x18  Monitor_usb_drv.o [1]
        .data             inited   0x1fff04b0     0x18  Monitor_usb_drv.o [1]
        .data             inited   0x1fff04c8     0x30  MonitorVT100.o [1]
        .data             inited   0x1fff04f8      0x4  Parameters.o [1]
        .data             inited   0x1fff04fc     0x18  U3HB01_DRV8305.o [1]
        .data             inited   0x1fff0514     0x20  U3HB01_Hall_sensor.o [1]
        .data             inited   0x1fff0534     0x90  U3HB01_Hall_sensor.o [1]
        .data             inited   0x1fff05c4      0x4  U3HB01_Hall_sensor.o [1]
        .data             inited   0x1fff05c8      0x8  usb_device_descriptor.o [1]
        .data             inited   0x1fff05d0     0x10  usb_device_descriptor.o [1]
        .data             inited   0x1fff05e0     0x18  usb_device_descriptor.o [1]
        .data             inited   0x1fff05f8      0x8  usb_device_descriptor.o [1]
        .data             inited   0x1fff0600     0x10  usb_device_descriptor.o [1]
        .data             inited   0x1fff0610     0x18  usb_device_descriptor.o [1]
        .data             inited   0x1fff0628     0x18  usb_device_descriptor.o [1]
        .data             inited   0x1fff0640      0x8  usb_device_descriptor.o [1]
        .data             inited   0x1fff0648     0x14  usb_device_descriptor.o [1]
        .data             inited   0x1fff065c     0x90  usb_device_descriptor.o [1]
        .data             inited   0x1fff06ec      0xc  usb_device_descriptor.o [1]
        .data             inited   0x1fff06f8     0x90  usb_device_descriptor.o [1]
        .data             inited   0x1fff0788      0x4  usb_device_descriptor.o [1]
        .data             inited   0x1fff078c     0x14  usb_device_descriptor.o [1]
        .data             inited   0x1fff07a0     0x24  usb_device_descriptor.o [1]
        .data             inited   0x1fff07c4     0x14  usb_device_descriptor.o [1]
        .data             inited   0x1fff07d8     0x14  usb_device_descriptor.o [1]
        .data             inited   0x1fff07ec     0x24  usb_device_descriptor.o [1]
        .data             inited   0x1fff0810     0x20  usb_device_descriptor.o [1]
        .data             inited   0x1fff0830      0x8  usb_device_descriptor.o [1]
        .data             inited   0x1fff0838      0x8  usb_device_descriptor.o [1]
        .data             inited   0x1fff0840     0x18  usb_device_descriptor.o [1]
        .data             inited   0x1fff0858      0xc  usb_device_descriptor.o [1]
        .data             inited   0x1fff0864      0xc  usb_device_descriptor.o [1]
        .data             inited   0x1fff0870     0x14  usb_device_descriptor.o [1]
        .data             inited   0x1fff0884      0x8  USB_virtual_com1.o [1]
        .data             inited   0x1fff088c      0x8  USB_virtual_com2.o [1]
        .data             inited   0x1fff0894     0x14  sh_format.o [3]
        .data             inited   0x1fff08a8     0x24  usb_class.o [3]
        .data             inited   0x1fff08cc     0x28  usb_cdc_pstn.o [3]
        .data             inited   0x1fff08f4     0x24  usb_msc_scsi.o [3]
        .data             inited   0x1fff0918     0x5c  usb_framework.o [3]
        __DLIB_PERTHREAD  inited   0x1fff0974     0x8c  rand.o [4]
        __DLIB_PERTHREAD  inited   0x1fff0a00     0x74  setlocale.o [4]
        __DLIB_PERTHREAD  inited   0x1fff0a74     0x88  localeconv.o [4]
        __DLIB_PERTHREAD  inited   0x1fff0afc      0x4  errno.o [4]
        .data             inited   0x1fff0b00      0x1  bsp_cm.o [3]
      .bss                zero     0x1fff0b40      0xc  K66BLEZ1_ADC.o [1]
      .bss                zero     0x1fff0b80      0xc  K66BLEZ1_ADC.o [1]
      .bss                zero     0x1fff0bc0   0x16e4  U3HB01_WS2812B.o [1]
      .bss                zero     0x1fff22a4     0x1c  App_logger.o [1]
      .bss                zero     0x1fff22c0     0x48  init_bsp.o [3]
      .bss                zero     0x1fff2308   0x3500  App_logger.o [1]
      .bss                zero     0x1fff5808     0x10  App_logger.o [1]
      .bss                zero     0x1fff5818     0x2c  App_logger.o [1]
      .bss                zero     0x1fff5844    0x440  App_logger.o [1]
      .bss                zero     0x1fff5c84     0x20  freemaster_appcmd.o [1]
      .bss                zero     0x1fff5ca4      0xc  freemaster_appcmd.o [1]
      .bss                zero     0x1fff5cb0     0x28  freemaster_appcmd.o [1]
      .bss                zero     0x1fff5cd8     0x20  freemaster_rec.o [1]
      .bss                zero     0x1fff5cf8      0x8  freemaster_rec.o [1]
      .bss                zero     0x1fff5d00      0x4  freemaster_rec.o [1]
      .bss                zero     0x1fff5d04      0x4  freemaster_rec.o [1]
      .bss                zero     0x1fff5d08      0x4  freemaster_rec.o [1]
      .bss                zero     0x1fff5d0c      0x4  freemaster_rec.o [1]
      .bss                zero     0x1fff5d10      0x4  freemaster_rec.o [1]
      .bss                zero     0x1fff5d14      0x4  freemaster_rec.o [1]
      .bss                zero     0x1fff5d18      0x4  freemaster_rec.o [1]
      .bss                zero     0x1fff5d1c   0x7d00  freemaster_rec.o [1]
      .bss                zero     0x1fffda1c     0x20  freemaster_scope.o [1]
      .bss                zero     0x1fffda3c      0x8  freemaster_scope.o [1]
      .bss                zero     0x1fffda44     0x40  freemaster_serial.o [1]
      .bss                zero     0x1fffda84      0x4  freemaster_serial.o [1]
      .bss                zero     0x1fffda88      0x4  freemaster_serial.o [1]
      .bss                zero     0x1fffda8c      0x4  freemaster_serial.o [1]
      .bss                zero     0x1fffda90      0x4  freemaster_tsa.o [1]
      .bss                zero     0x1fffda94     0x1c  K66BLEZ1_ADC.o [1]
      .bss                zero     0x1fffdab0      0x8  K66BLEZ1_ADC.o [1]
      .bss                zero     0x1fffdab8      0x4  K66BLEZ1_ADC.o [1]
      .bss                zero     0x1fffdabc      0x4  K66BLEZ1_ADC.o [1]
      .bss                zero     0x1fffdac0      0x4  K66BLEZ1_ADC.o [1]
      .bss                zero     0x1fffdac4     0x24  K66BLEZ1_CAN.o [1]
      .bss                zero     0x1fffdae8      0x4  K66BLEZ1_CAN.o [1]
      .bss                zero     0x1fffdaec      0x4  K66BLEZ1_MKW40_Channel.o [1]
      .bss                zero     0x1fffdaf0     0x18  K66BLEZ1_SPI.o [1]
      .bss                zero     0x1fffdb08     0x84  K66BLEZ1_SPI.o [1]
      .bss                zero     0x1fffdb8c     0x10  LED_control.o [1]
      .bss                zero     0x1fffdb9c     0x98  Main.o [1]
      .bss                zero     0x1fffdc34      0x4  Main.o [1]
      .bss                zero     0x1fffdc38      0x4  Main.o [1]
      .bss                zero     0x1fffdc3c      0x4  MFS_man.o [1]
      .bss                zero     0x1fffdc40      0x4  MFS_man.o [1]
      .bss                zero     0x1fffdc44      0x4  MFS_man.o [1]
      .bss                zero     0x1fffdc48      0x4  MFS_man.o [1]
      .bss                zero     0x1fffdc4c     0x80  MKW40_Channel.o [1]
      .bss                zero     0x1fffdccc   0x1f40  MonitorVT100.o [1]
      .bss                zero     0x1ffffc0c      0x4  Task_FreeMaster.o [1]
      .bss                zero     0x1ffffc10     0x10  U3HB01_CAN.o [1]
      .bss                zero     0x1ffffc20     0x18  U3HB01_DRV8305.o [1]
      .bss                zero     0x1ffffc38      0x4  U3HB01_DRV8305.o [1]
      .bss                zero     0x1ffffc3c      0x4  U3HB01_DRV8305.o [1]
      .bss                zero     0x1ffffc40      0x4  U3HB01_DRV8305.o [1]
      .bss                zero     0x1ffffc44      0x4  U3HB01_DRV8305.o [1]
      .bss                zero     0x1ffffc48      0x4  U3HB01_DRV8305.o [1]
      .bss                zero     0x1ffffc4c      0x4  U3HB01_DRV8305.o [1]
      .bss                zero     0x1ffffc50      0x4  U3HB01_DRV8305.o [1]
      .bss                zero     0x1ffffc54      0x4  U3HB01_DRV8305.o [1]
      .bss                zero     0x1ffffc58      0x4  U3HB01_DRV8305.o [1]
      .bss                zero     0x1ffffc5c      0x4  U3HB01_DRV8305.o [1]
      .bss                zero     0x1ffffc60      0x4  U3HB01_DRV8305.o [1]
      .bss                zero     0x1ffffc64      0x4  U3HB01_DRV8305.o [1]
      .bss                zero     0x1ffffc68      0x4  U3HB01_DRV8305.o [1]
      .bss                zero     0x1ffffc6c     0x10  U3HB01_DRV8305.o [1]
      .bss                zero     0x1ffffc7c     0x80  U3HB01_ExtEncoder.o [1]
      .bss                zero     0x1ffffcfc     0x80  U3HB01_ExtEncoder.o [1]
      .bss                zero     0x1ffffd7c      0x8  U3HB01_ExtEncoder.o [1]
      .bss                zero     0x1ffffd84      0x4  U3HB01_FreemasterCmdMan.o [1]
      .bss                zero     0x1ffffd88      0x4  U3HB01_Hall_sensor.o [1]
      .bss                zero     0x1ffffd8c      0x4  U3HB01_Hall_sensor.o [1]
      .bss                zero     0x1ffffd90      0x4  U3HB01_Hall_sensor.o [1]
      .bss                zero     0x1ffffd94      0x4  U3HB01_Hall_sensor.o [1]
      .bss                zero     0x1ffffd98      0x4  U3HB01_Hall_sensor.o [1]
      .bss                zero     0x1ffffd9c      0x4  U3HB01_Hall_sensor.o [1]
      .bss                zero     0x1ffffda0      0x4  U3HB01_Hall_sensor.o [1]
      .bss                zero     0x1ffffda4      0x4  U3HB01_Hall_sensor.o [1]
      .bss                zero     0x1ffffda8      0x4  U3HB01_main.o [1]
      .bss                zero     0x1ffffdac      0x4  U3HB01_main.o [1]
      .bss                zero     0x1ffffdb0      0x4  U3HB01_main.o [1]
      .bss                zero     0x1ffffdb4      0x8  U3HB01_main.o [1]
      .bss                zero     0x1ffffdbc      0xc  U3HB01_main.o [1]
      .bss                zero     0x1ffffdc8     0x58  U3HB01_main.o [1]
      .bss                zero     0x1ffffe20     0x28  U3HB01_main.o [1]
      .bss                zero     0x1ffffe48     0x14  U3HB01_main.o [1]
      .bss                zero     0x1ffffe5c      0x4  U3HB01_main.o [1]
      .bss                zero     0x1ffffe60      0x4  U3HB01_main.o [1]
      .bss                zero     0x1ffffe64      0x4  U3HB01_main.o [1]
      .bss                zero     0x1ffffe68      0x4  U3HB01_main.o [1]
      .bss                zero     0x1ffffe6c      0x4  U3HB01_main.o [1]
      .bss                zero     0x1ffffe70      0x4  U3HB01_main.o [1]
      .bss                zero     0x1ffffe74      0x4  U3HB01_main.o [1]
      .bss                zero     0x1ffffe78      0x4  U3HB01_main.o [1]
      .bss                zero     0x1ffffe7c      0x4  U3HB01_main.o [1]
      .bss                zero     0x1ffffe80      0x4  U3HB01_main.o [1]
      .bss                zero     0x1ffffe84      0x4  U3HB01_main.o [1]
      .bss                zero     0x1ffffe88      0x4  U3HB01_main.o [1]
      .bss                zero     0x1ffffe8c      0x4  U3HB01_main.o [1]
      .bss                zero     0x1ffffe90      0x4  U3HB01_main.o [1]
      .bss                zero     0x1ffffe94      0x4  U3HB01_main.o [1]
      .bss                zero     0x1ffffe98      0x4  U3HB01_main.o [1]
      .bss                zero     0x1ffffe9c      0x4  U3HB01_main.o [1]
      .bss                zero     0x1ffffea0      0x4  U3HB01_main.o [1]
      .bss                zero     0x1ffffea4      0x8  U3HB01_main.o [1]
      .bss                zero     0x1ffffeac      0x8  U3HB01_main.o [1]
      .bss                zero     0x1ffffeb4      0x8  U3HB01_main.o [1]
      .bss                zero     0x1ffffebc      0x8  U3HB01_main.o [1]
      .bss                zero     0x1ffffec4     0x24  U3HB01_RotationControl.o [1]
      .bss                zero     0x1ffffee8     0x24  U3HB01_SolenoidControl.o [1]
      .bss                zero     0x1fffff0c      0x4  U3HB01_SolenoidControl.o [1]
      .bss                zero     0x1fffff10     0x1c  U3HB01_SPISysBus.o [1]
      .bss                zero     0x1fffff2c      0x4  U3HB01_SPISysBus.o [1]
      .bss                zero     0x1fffff30      0x4  U3HB01_SPISysBus.o [1]
      .bss                zero     0x1fffff34      0x4  U3HB01_WS2812B.o [1]
      .bss                zero     0x1fffff38     0x1c  U3HB01_WS2812B.o [1]
      .bss                zero     0x1fffff54   0x1128  U3HB01_WS2812B.o [1]
      .bss                zero     0x2000107c      0x4  U3HB01_WS2812B.o [1]
      .bss                zero     0x20001080   0x7a00  U3HB01_WS2812B.o [1]
      .bss                zero     0x20008a80      0x4  U3HB01_WS2812B.o [1]
      .bss                zero     0x20008a84      0x4  U3HB01_WS2812B.o [1]
      .bss                zero     0x20008a88      0x4  U3HB01_WS2812B.o [1]
      .bss                zero     0x20008a8c     0x5c  USB_composite_dev.o [1]
      .bss                zero     0x20008ae8      0x4  usb_device_descriptor.o [1]
      .bss                zero     0x20008aec     0x60  USB_virtual_com1.o [1]
      .bss                zero     0x20008b4c     0x60  USB_virtual_com2.o [1]
      .bss                zero     0x20008bac     0x10  krtc.o [3]
      .bss                zero     0x20008bbc     0x30  io_util.o [3]
      .bss                zero     0x20008bec     0x68  usb_composite.o [3]
      .bss                zero     0x20008c54     0xd8  usb_cdc.o [3]
      .bss                zero     0x20008d2c      0x8  psp_mstiq.o [3]
      .bss                zero     0x20008d34      0x4  mfs_globals.o [3]
      .bss                zero     0x20008d38     0x5c  usb_audio.o [3]
      .bss                zero     0x20008d94     0x40  usb_hid.o [3]
      .bss                zero     0x20008dd4     0x90  usb_msc.o [3]
      .bss                zero     0x20008e64    0x134  usb_phdc.o [3]
      .bss                zero     0x20008f98      0xc  usb_phdc.o [3]
      .bss                zero     0x20008fa4     0xb0  usb_dev.o [3]
      .bss                zero     0x20009054     0x10  usb_dev.o [3]
      .bss                zero     0x20009064      0x8  usb_msc_scsi.o [3]
      .bss                zero     0x2000906c     0x88  usb_msc_scsi.o [3]
      .bss                zero     0x200090f4      0x4  ehci_dev_main.o [3]
      .bss                zero     0x200090f8     0xd4  ehci_dev_main.o [3]
      .bss                zero     0x200091cc      0x2  freemaster_appcmd.o [1]
      .bss                zero     0x200091ce      0x2  freemaster_rec.o [1]
[...]
g_bldc_active           0x1ffffdac     0x4  Data  Gb  U3HB01_main.o [1]
g_bldc_forcebrake       0x1ffffdb0     0x4  Data  Gb  U3HB01_main.o [1]
g_calibr_time           0x1ffffdb4     0x8  Data  Gb  U3HB01_main.o [1]
g_composite_device      0x20008a8c    0x5c  Data  Gb  USB_composite_dev.o [1]
g_config_descriptor     0x1fff065c    0x90  Data  Gb  usb_device_descriptor.o [1]
g_country_code          0x200091e6     0x2  Data  Lc  USB_virtual_com1.o [1]
g_country_code          0x200091ea     0x2  Data  Lc  USB_virtual_com2.o [1]
g_device_descriptor     0x1fff0648    0x14  Data  Gb  usb_device_descriptor.o [1]
g_device_qualifier_descriptor
                        0x1fff06ec     0xc  Data  Gb  usb_device_descriptor.o [1]
g_ehci_data_ptr         0x200090f8     0x4  Data  Gb  ehci_dev_main.o [3]
g_ehci_dev              0x200090fc    0xd0  Data  Gb  ehci_dev_main.o [3]
g_en_dma                0x1fffff30     0x4  Data  Lc  U3HB01_SPISysBus.o [1]
g_fmstr_rate_src        0x1ffffe94     0x4  Data  Gb  U3HB01_main.o [1]
g_fmstr_smpls_period    0x1ffffe98     0x4  Data  Gb  U3HB01_main.o [1]
g_hid_class             0x20008d94    0x40  Data  Gb  usb_hid.o [3]
g_languages             0x1fff0864     0xc  Data  Gb  usb_device_descriptor.o [1]
g_line_coding           0x1fff0884     0x8  Data  Lc  USB_virtual_com1.o [1]
g_line_coding           0x1fff088c     0x8  Data  Lc  USB_virtual_com2.o [1]
g_msc_class             0x20008dd4    0x90  Data  Gb  usb_msc.o [3]
g_msc_scsi              0x2000906c    0x88  Data  Gb  usb_msc_scsi.o [3]
g_other_speed_config_descriptor
                        0x1fff06f8    0x90  Data  Gb  usb_device_descriptor.o [1]
g_phdc_class            0x20008e64   0x134  Data  Gb  usb_phdc.o [3]
g_pstn                  0x1fff08cc    0x1c  Data  Gb  usb_cdc_pstn.o [3]
g_serial_state_buf      0x1fff08e8     0xc  Data  Gb  usb_cdc_pstn.o [3]
g_standard_request      0x1fff0940    0x34  Data  Lc  usb_framework.o [3]
g_std_desc_size         0x1fff0830     0x8  Data  Gb  usb_device_descriptor.o [1]
g_std_descriptors       0x1fff0810    0x20  Data  Gb  usb_device_descriptor.o [1]
g_string_desc_size      0x1fff0838     0x8  Data  Gb  usb_device_descriptor.o [1]
g_string_descriptors    0x1fff0840    0x18  Data  Gb  usb_device_descriptor.o [1]
g_usb_dev               0x20008fa4    0xac  Data  Lc  usb_dev.o [3]
g_usb_dev_data_ptr      0x20009050     0x4  Data  Gb  usb_dev.o [3]
g_validate_request      0x1fff0918    0x28  Data  Lc  usb_framework.o [3]
hall_commutation_callback
                        0x1ffffd90     0x4  Data  Lc  U3HB01_Hall_sensor.o [1]
hall_commutation_tbl    0x0002f6c0    0x48  Data  Lc  U3HB01_Hall_BLDC.o [1]
hall_deltas             0x1fff0534    0x90  Data  Lc  U3HB01_Hall_sensor.o [1]
hall_inputs             0x1ffffe5c     0x4  Data  Gb  U3HB01_main.o [1]
hall_position_control_callback
                        0x1ffffd88     0x4  Data  Lc  U3HB01_Hall_sensor.o [1]
hall_speed_control_callback
                        0x1ffffd8c     0x4  Data  Lc  U3HB01_Hall_sensor.o [1]
hall_states             0x1fff0514    0x20  Data  Lc  U3HB01_Hall_sensor.o [1]
hccbl                   0x1ffffdc8    0x58  Data  Gb  U3HB01_main.o [1]
hstate                  0x1ffffd9c     0x4  Data  Lc  U3HB01_Hall_sensor.o [1]
hwtimer_callback_reg    0x00005ed7    0x14  Code  Gb  hwtimer.o [3]
hwtimer_deinit          0x00005e1b    0x42  Code  Gb  hwtimer.o [3]
hwtimer_get_modulo      0x00005eb5     0x6  Code  Gb  hwtimer.o [3]
hwtimer_get_time        0x00005ebb    0x1c  Code  Gb  hwtimer.o [3]
hwtimer_init            0x00005dd5    0x46  Code  Gb  hwtimer.o [3]
hwtimer_set_freq        0x00005e5d    0x3e  Code  Gb  hwtimer.o [3]
hwtimer_start           0x00005e9b    0x1a  Code  Gb  hwtimer.o [3]
hwtimer_systick_deinit  0x0002ae63    0x20  Code  Lc  hwtimer_systick.o [3]
hwtimer_systick_get_time
                        0x0002aebb    0x42  Code  Lc  hwtimer_systick.o [3]
hwtimer_systick_init    0x0002ae15    0x4e  Code  Lc  hwtimer_systick.o [3]
hwtimer_systick_isr     0x0002ade9    0x2c  Code  Lc  hwtimer_systick.o [3]
hwtimer_systick_set_div
                        0x0002ae83    0x1e  Code  Lc  hwtimer_systick.o [3]
hwtimer_systick_start   0x0002aea1     0xe  Code  Lc  hwtimer_systick.o [3]
hwtimer_systick_stop    0x0002aeaf     0xc  Code  Lc  hwtimer_systick.o [3]
ia                      0x1ffffc4c     0x4  Data  Lc  U3HB01_DRV8305.o [1]
ia_acc                  0x1ffffc5c     0x4  Data  Lc  U3HB01_DRV8305.o [1]
ib                      0x1ffffc50     0x4  Data  Lc  U3HB01_DRV8305.o [1]
ib_acc                  0x1ffffc60     0x4  Data  Lc  U3HB01_DRV8305.o [1]
ic                      0x1ffffc54     0x4  Data  Lc  U3HB01_DRV8305.o [1]
ic_acc                  0x1ffffc64     0x4  Data  Lc  U3HB01_DRV8305.o [1]
idc                     0x1ffffc58     0x4  Data  Lc  U3HB01_DRV8305.o [1]
ilog2                   0x00017b81    0x36  Code  Gb  mfs_misc.o [3]
init_ADC_DMA_cbl        0x0002d974    0x20  Data  Gb  K66BLEZ1_ADC.o [1]
init_hardware           0x000004d9     0x4  Code  Gb  init_hw.o [3]
inquiry_info            0x1fff08f4    0x24  Data  Gb  usb_msc_scsi.o [3]
int_temp                0x1ffffe7c     0x4  Data  Gb  U3HB01_main.o [1]
int_temp_filter         0x1ffffeb4     0x8  Data  Gb  U3HB01_main.o [1]
isalpha                 0x0000e14d    0x14  Code  Gb  isxxx.o [4]
isdigit                 0x0000e22d     0xa  Code  Gb  isdigit.o [4]
isgraph                 0x0000f2f9    0x30  Code  Gb  isgraph.o [4]
ispunct                 0x0000e161    0x14  Code  Gb  isxxx.o [4]
isspace                 0x0000e175    0x14  Code  Gb  isxxx.o [4]
lcbl                    0x1fffff54  0x1128  Data  Lc  U3HB01_WS2812B.o [1]
ledsm_cbl               0x1fffdb8c    0x10  Data  Gb  LED_control.o [1]
lfn_wchar_offset        0x0001f054    0x34  Data  Lc  mfs_lfn.o [3]
localeconv              0x00014c63    0x16  Code  Gb  localeconv.o [4]
log_cbl                 0x1fff5808    0x10  Data  Lc  App_logger.o [1]
log_sem                 0x1fff22a4    0x1c  Data  Lc  App_logger.o [1]
longjmp                 0x00005841          Code  Gb  setjmp.o [5]
lower_hex_string        0x0000deec    0x14  Data  Lc  io_dopr.o [3]
main                    0x00003d11    0x14  Code  Gb  mqx_main.o [3]
malloc                  0x000004cb     0x4  Code  Gb  comp.o [3]
mem_reverse             0x00023859    0x46  Code  Gb  mfs_unicode.o [3]
memchr                  0x00014bd1          Code  Gb  memchr.o [6]
mkw_buf                 0x1fffdc4c    0x80  Data  Lc  MKW40_Channel.o [1]
mode_param_header       0x20009064     0x8  Data  Gb  usb_msc_scsi.o [3]
months                  0x00025f04    0x34  Data  Lc  dir_read.o [3]
mot_PWM_lev             0x200091e2     0x2  Data  Gb  U3HB01_main.o [1]
mot_speed_rps           0x1ffffe8c     0x4  Data  Gb  U3HB01_main.o [1]
mot_speed_rps_raw       0x1ffffe90     0x4  Data  Gb  U3HB01_main.o [1]
mot_temp_filter         0x1ffffeac     0x8  Data  Gb  U3HB01_main.o [1]
motor_temp              0x1ffffe84     0x4  Data  Gb  U3HB01_main.o [1]
msc_format_unit_command
                        0x0002340d    0x64  Code  Gb  usb_msc_scsi.o [3]
msc_inquiry_command     0x0002309f    0x3c  Code  Gb  usb_msc_scsi.o [3]
msc_mode_select_command
                        0x00023285    0x52  Code  Gb  usb_msc_scsi.o [3]
msc_mode_sense_command  0x00023249    0x3c  Code  Gb  usb_msc_scsi.o [3]
msc_prevent_allow_medium_removal
                        0x00023471    0x86  Code  Gb  usb_msc_scsi.o [3]
msc_read_capacity_command
                        0x000232e5    0x4a  Code  Gb  usb_msc_scsi.o [3]
msc_read_command        0x000230db    0x7e  Code  Gb  usb_msc_scsi.o [3]
msc_read_format_capacity_command
                        0x00023331    0xdc  Code  Gb  usb_msc_scsi.o [3]
msc_request_sense_command
                        0x00023069    0x36  Code  Gb  usb_msc_scsi.o [3]
msc_send_diagnostic_command
                        0x000234f7    0x3a  Code  Gb  usb_msc_scsi.o [3]
msc_start_stop_unit_command
                        0x00023531    0x6c  Code  Gb  usb_msc_scsi.o [3]
msc_test_unit_ready_command
                        0x000231d5    0x3a  Code  Gb  usb_msc_scsi.o [3]
msc_thirteen_cases_check
                        0x00022d85   0x24e  Code  Gb  usb_msc_scsi.o [3]
msc_unsupported_command
                        0x0002359d    0x1a  Code  Gb  usb_msc_scsi.o [3]
msc_verify_command      0x0002320f    0x3a  Code  Gb  usb_msc_scsi.o [3]
msc_write_command       0x00023159    0x7c  Code  Gb  usb_msc_scsi.o [3]
ndigs                   0x00013df4    0x28  Data  Lc  xstoul.o [4]
ovrc_cbl                0x1ffffe20    0x28  Data  Gb  U3HB01_main.o [1]
ovrf_evt                0x1ffffda0     0x4  Data  Lc  U3HB01_Hall_sensor.o [1]
parmenu                 0x0002fafc    0x40  Data  Gb  U3HB01_Params.o [1]
partition_handle        0x1fffdc44     0x4  Data  Lc  MFS_man.o [1]
pcm_bTrgVarSigned       0x200091f3     0x1  Data  Lc  freemaster_rec.o [1]
pcm_dwRecEndBuffPtr     0x1fff5d08     0x4  Data  Gb  freemaster_rec.o [1]
pcm_dwRecWritePtr       0x1fff5d04     0x4  Data  Gb  freemaster_rec.o [1]
pcm_nAppCmd             0x200091ed     0x1  Data  Lc  freemaster_appcmd.o [1]
pcm_nAppCmdLen          0x200091cc     0x2  Data  Lc  freemaster_appcmd.o [1]
pcm_nAppCmdResult       0x200091ee     0x1  Data  Lc  freemaster_appcmd.o [1]
pcm_nAppCmdResultDataLen
                        0x200091ef     0x1  Data  Lc  freemaster_appcmd.o [1]
pcm_nRecBuffAddr        0x1fff5d14     0x4  Data  Lc  freemaster_rec.o [1]
pcm_nRecTriggerMode     0x200091f0     0x1  Data  Gb  freemaster_rec.o [1]
pcm_nRecVarCount        0x200091f1     0x1  Data  Gb  freemaster_rec.o [1]
pcm_nScopeVarCount      0x200091f4     0x1  Data  Lc  freemaster_scope.o [1]
pcm_nTrgVarAddr         0x1fff5d0c     0x4  Data  Lc  freemaster_rec.o [1]
pcm_nTrgVarSize         0x200091f2     0x1  Data  Lc  freemaster_rec.o [1]
pcm_nTsaBuffAddr        0x1fffda90     0x4  Data  Lc  freemaster_tsa.o [1]
pcm_nTsaTableIndex      0x200091dc     0x2  Data  Lc  freemaster_tsa.o [1]
pcm_pAppCmdBuff         0x1fff5c84    0x20  Data  Lc  freemaster_appcmd.o [1]
pcm_pAppCmdCallFunc     0x1fff5cb0    0x28  Data  Lc  freemaster_appcmd.o [1]
pcm_pAppCmdCallId       0x1fff5ca4     0xc  Data  Lc  freemaster_appcmd.o [1]
pcm_pCommBuffer         0x1fffda44    0x40  Data  Lc  freemaster_serial.o [1]
pcm_pCompareFunc        0x1fff5d18     0x4  Data  Lc  freemaster_rec.o [1]
pcm_pOwnRecBuffer       0x1fff5d1c  0x7d00  Data  Lc  freemaster_rec.o [1]
pcm_pRecVarAddr         0x1fff5cd8    0x20  Data  Gb  freemaster_rec.o [1]
pcm_pRecVarSize         0x1fff5cf8     0x8  Data  Gb  freemaster_rec.o [1]
pcm_pScopeVarAddr       0x1fffda1c    0x20  Data  Lc  freemaster_scope.o [1]
pcm_pScopeVarSize       0x1fffda3c     0x8  Data  Lc  freemaster_scope.o [1]
pcm_uTrgThreshold       0x1fff5d10     0x4  Data  Lc  freemaster_rec.o [1]
pcm_wRecBuffStartIx     0x200091d8     0x2  Data  Gb  freemaster_rec.o [1]
pcm_wRecFlags           0x1fff5d00     0x4  Data  Gb  freemaster_rec.o [1]
pcm_wRecPostTrigger     0x200091d0     0x2  Data  Gb  freemaster_rec.o [1]
pcm_wRecTimeDiv         0x200091d2     0x2  Data  Gb  freemaster_rec.o [1]
pcm_wRecTimeDivCtr      0x200091d4     0x2  Data  Gb  freemaster_rec.o [1]
pcm_wRecTotalSmps       0x200091ce     0x2  Data  Gb  freemaster_rec.o [1]
pcm_wStoprecCountDown   0x200091d6     0x2  Data  Gb  freemaster_rec.o [1]
pcm_wTsaBuffSize        0x200091da     0x2  Data  Lc  freemaster_tsa.o [1]
pend_params_saving      0x200091ec     0x1  Data  Lc  App_logger.o [1]
pows                    0x000098e8    0x48  Data  Lc  xdtento.o [5]
pr_arr                  0x1fffdccc  0x1f40  Data  Gb  MonitorVT100.o [1]
print_bpb               0x00025075   0x246  Code  Lc  sh_di.o [3]
process_mass_storage_command
                        0x0001cc69   0x100  Code  Gb  usb_msc.o [3]
ptrns_arr               0x20001080  0x7a00  Data  Lc  U3HB01_WS2812B.o [1]
ram_vector              0x1fff0000   0x400  Data  Gb  vectors.o [3]
rand                    0x0000ef55    0xe0  Code  Gb  rand.o [4]
ref_time                0x1fffdc34     0x4  Data  Gb  Main.o [1]
rot_cbl                 0x1ffffe48    0x14  Data  Gb  U3HB01_main.o [1]
rot_lwev                0x1ffffec4    0x24  Data  Lc  U3HB01_RotationControl.o [1]
rtc_handler             0x20008bac     0x8  Data  Lc  krtc.o [3]
rx_buff                 0x1fffda8c     0x4  Data  Lc  freemaster_serial.o [1]
rx_counter              0x200091f6     0x1  Data  Lc  freemaster_serial.o [1]
rx_csum                 0x200091f7     0x1  Data  Lc  freemaster_serial.o [1]
s_class_handle          0x1fff08c8     0x4  Data  Lc  usb_class.o [3]
s_composite_config_struct
                        0x20008c04    0x48  Data  Lc  usb_composite.o [3]
s_composite_device_struct
                        0x20008bec    0x18  Data  Lc  usb_composite.o [3]
s_usb_composite_info_struct
                        0x20008c4c     0x8  Data  Lc  usb_composite.o [3]
scrnts                  0x1ffffc6c    0x10  Data  Lc  U3HB01_DRV8305.o [1]
sdcard_handle           0x1fffdc40     0x4  Data  Lc  MFS_man.o [1]
setjmp                  0x0000582d          Code  Gb  setjmp.o [5]
shunt_amp_enabled       0x1ffffc48     0x4  Data  Lc  U3HB01_DRV8305.o [1]
slnd_en                 0x200091fb     0x1  Data  Gb  U3HB01_SolenoidControl.o [1]
slnd_lwev               0x1ffffee8    0x24  Data  Lc  U3HB01_SolenoidControl.o [1]
slnd_pwr                0x1fffff0c     0x4  Data  Gb  U3HB01_SolenoidControl.o [1]
sns_ia_calibr           0x1ffffe60     0x4  Data  Gb  U3HB01_main.o [1]
sns_ib_calibr           0x1ffffe64     0x4  Data  Gb  U3HB01_main.o [1]
sns_ic_calibr           0x1ffffe68     0x4  Data  Gb  U3HB01_main.o [1]
soc_get_usb_base_address
                        0x00018689    0x14  Code  Gb  adapter_mqx.o [3]
soc_get_usb_vector_number
                        0x000186a5    0x14  Code  Gb  adapter_mqx.o [3]
speed                   0x1ffffda4     0x4  Data  Lc  U3HB01_Hall_sensor.o [1]
spi_cbl                 0x1fffdb08    0x84  Data  Gb  K66BLEZ1_SPI.o [1]
spi_errors              0x1fffdaf0    0x18  Data  Gb  K66BLEZ1_SPI.o [1]
spi_mods                0x0002d994    0x30  Data  Gb  K66BLEZ1_SPI.o [1]
srand                   0x000116d5    0x20  Code  Gb  srand.o [4]
strchr                  0x0000f469          Code  Gb  strchr.o [6]
strlen                  0x0000e1e5          Code  Gb  strlen.o [6]
strncmp                 0x00003bf5    0x2c  Code  Gb  strncmp.o [4]
strtol                  0x0000f329     0x6  Code  Gb  strtol.o [4]
sync_ctrl_trans_tbl     0x0002f708    0x30  Data  Gb  U3HB01_Hall_BLDC.o [1]
sysb_sem                0x1fffff10    0x1c  Data  Gb  U3HB01_SPISysBus.o [1]
systick_devif           0x00030008    0x18  Data  Gb  hwtimer_systick.o [3]
systick_get_vector      0x0002ad31     0x4  Code  Gb  hwtimer_kinetis.o [3]
systimer                0x1fff22c8    0x40  Data  Gb  init_bsp.o [3]
tlsf_clz                0x00000469          Code  Gb  support.o [3]
tolower                 0x00014bbd    0x14  Code  Gb  tolower.o [4]
toolchain_startup       0x000004d5     0x4  Code  Gb  comp.o [3]
toupper                 0x0000e189    0x18  Code  Gb  toupper.o [4]
tx_buff                 0x1fffda88     0x4  Data  Lc  freemaster_serial.o [1]
tx_counter              0x200091f5     0x1  Data  Lc  freemaster_serial.o [1]
upper_hex_string        0x0000ded8    0x14  Data  Lc  io_dopr.o [3]
usb_class_object        0x1fff08a8    0x20  Data  Lc  usb_class.o [3]
usb_composite_info      0x1fff0640     0x8  Data  Lc  usb_device_descriptor.o [1]
usb_dci_usbhs_alloc_xd  0x0002bea5    0x44  Code  Gb  ehci_dev_main.o [3]
usb_dci_usbhs_cancel_transfer
                        0x0002bab7   0x196  Code  Gb  ehci_dev_main.o [3]
usb_dci_usbhs_deinit_endpoint
                        0x0002ba47    0x5e  Code  Gb  ehci_dev_main.o [3]
usb_dci_usbhs_get_endpoint_status
                        0x0002bd63    0x2a  Code  Gb  ehci_dev_main.o [3]
usb_dci_usbhs_get_setup_data
                        0x0002b91b    0x56  Code  Gb  ehci_dev_main.o [3]
usb_dci_usbhs_get_status
                        0x0002be51    0x54  Code  Gb  ehci_dev_main.o [3]
usb_dci_usbhs_get_transfer_status
                        0x0002baa5    0x12  Code  Gb  ehci_dev_main.o [3]
usb_dci_usbhs_init      0x0002afb1    0x9e  Code  Gb  ehci_dev_main.o [3]
usb_dci_usbhs_init_endpoint
                        0x0002b971    0xd6  Code  Gb  ehci_dev_main.o [3]
usb_dci_usbhs_preinit   0x0002af09    0xa8  Code  Gb  ehci_dev_main.o [3]
usb_dci_usbhs_recv_data
                        0x0002b2d1     0x2  Code  Gb  ehci_dev_main.o [3]
usb_dci_usbhs_send_data
                        0x0002b2cf     0x2  Code  Gb  ehci_dev_main.o [3]
usb_dci_usbhs_set_address
                        0x0002b905    0x16  Code  Gb  ehci_dev_main.o [3]
usb_dci_usbhs_set_endpoint_status
                        0x0002bd8d    0x84  Code  Gb  ehci_dev_main.o [3]
usb_dci_usbhs_set_status
                        0x0002be11    0x40  Code  Gb  ehci_dev_main.o [3]
usb_dci_usbhs_shutdown  0x0002bc4d    0x4c  Code  Gb  ehci_dev_main.o [3]
usb_dci_usbhs_stall_endpoint
                        0x0002bc9d    0x74  Code  Gb  ehci_dev_main.o [3]
usb_dci_usbhs_unstall_endpoint
                        0x0002bd11    0x52  Code  Gb  ehci_dev_main.o [3]
usb_dec_class           0x1fff0628    0x18  Data  Lc  usb_device_descriptor.o [1]
usb_device_cancel_transfer
                        0x0001c0eb    0x3c  Code  Gb  usb_dev.o [3]
usb_device_deinit_endpoint
                        0x0001bf3b    0x34  Code  Gb  usb_dev.o [3]
usb_device_get_status   0x0001bc67    0x4c  Code  Gb  usb_dev.o [3]
usb_device_init         0x0001bceb   0x110  Code  Gb  usb_dev.o [3]
usb_device_init_endpoint
                        0x0001be29    0x40  Code  Gb  usb_dev.o [3]
usb_device_postinit     0x0001bdfb    0x1e  Code  Gb  usb_dev.o [3]
usb_device_recv_data    0x0001bf6f    0x7c  Code  Gb  usb_dev.o [3]
usb_device_register_application_notify
                        0x0001c0c1     0xe  Code  Gb  usb_dev.o [3]
usb_device_register_desc_request_notify
                        0x0001c0dd     0xe  Code  Gb  usb_dev.o [3]
usb_device_register_service
                        0x0001be69    0xd2  Code  Gb  usb_dev.o [3]
usb_device_register_vendor_class_request_notify
                        0x0001c0cf     0xe  Code  Gb  usb_dev.o [3]
usb_device_reset        0x0001c127    0x12  Code  Gb  usb_dev.o [3]
usb_device_send_data    0x0001bfeb    0x7c  Code  Gb  usb_dev.o [3]
usb_device_set_address  0x0001bc57    0x10  Code  Gb  usb_dev.o [3]
usb_device_set_status   0x0001bcb3    0x38  Code  Gb  usb_dev.o [3]
usb_device_stall_endpoint
                        0x0001c0a3    0x1e  Code  Gb  usb_dev.o [3]
usb_device_unstall_endpoint
                        0x0001c067    0x3c  Code  Gb  usb_dev.o [3]
usb_lang                0x1fff0858     0xc  Data  Gb  usb_device_descriptor.o [1]
utf8_decode             0x000235bd    0x90  Code  Gb  mfs_unicode.o [3]
utf8_decode_r           0x00023651    0xa8  Code  Gb  mfs_unicode.o [3]
utf8_encode             0x000236f9    0xb0  Code  Gb  mfs_unicode.o [3]
utf8_encode_r           0x000237a9    0xb0  Code  Gb  mfs_unicode.o [3]
vcom1_cbl               0x20008aec    0x60  Data  Gb  USB_virtual_com1.o [1]
vcom2_cbl               0x20008b4c    0x60  Data  Gb  USB_virtual_com2.o [1]
vcom_driver1            0x1fff0498    0x18  Data  Lc  Monitor_usb_drv.o [1]
vcom_driver2            0x1fff04b0    0x18  Data  Lc  Monitor_usb_drv.o [1]
ws2812B_DMA_cfg         0x1fffff38    0x1c  Data  Lc  U3HB01_WS2812B.o [1]
wvar                    0x1fffdb9c    0x98  Data  Gb  Main.o [1]


[1] = D:\Embedded\Projects\Universal3PHalfBridgeController\GitHub\Universal3PHalfBridgeController\K66_Firmware\IAR_proj\OUT\Debug\Obj
[2] = command line
[3] = MQX_LIBRARY_O3.a
[4] = dl7M_tlf.a
[5] = m7M_tls.a
[6] = rt7M_tl.a

  179 832 bytes of readonly  code memory
   17 692 bytes of readonly  data memory
  102 912 bytes of readwrite data memory

Errors: none
Warnings: none
